06-13 10:05:48.227  1708  3947 I OplusScreenSecurityMask: onStackAdded task = Task{49d96f7 #599 type=standard A=10903:com.example.polyglot U=0 visible=false mode=fullscreen translucent=true sz=0} record = null displayId = 0
06-13 10:05:48.228  1708  3947 E WindowManager: makeSurface ActivityRecord{522b964 u0 com.example.polyglot/.MainActivity t599} windowType 2
06-13 10:05:48.229  1708  3947 D TaskExtImpl: add ActivityRecord{522b964 u0 com.example.polyglot/.MainActivity t599} to mActivityRecordSum = Counter{ com.example.polyglot/.MainActivity(1) }
06-13 10:05:48.230  1708  3947 D ActivityTaskManager: getStartingWindowType: newTask=true, taskSwitch=true, processRunning=false, allowTaskSnapshot=true, activityCreated=false, snapshot=null, record:ActivityRecord{522b964 u0 com.example.polyglot/.MainActivity t599}
06-13 10:05:48.232  1708  3947 V OplusZoomWindowManagerService: windowMode: 0 ,stack: Task{49d96f7 #599 type=standard A=10903:com.example.polyglot U=0 visible=true mode=fullscreen translucent=true sz=1}
06-13 10:05:48.240  1708  1728 D SBE-LaunchIdentify: SBE boost:com.example.polyglot begin
06-13 10:05:48.272  1708  1742 I ActivityManager: Start proc 30569:com.example.polyglot/u0a903 for pre-top-activity {com.example.polyglot/com.example.polyglot.MainActivity}
06-13 10:05:48.293  1708  1729 I WindowStateExtImpl: onSurfaceShowChange show = true mPackageName = com.example.polyglot parentPkgName = com.example.polyglot
06-13 10:05:48.350  1708  1798 I OplusAppSwitchManagerService: appswitch hasProcess ActivityRecord{522b964 u0 com.example.polyglot/.MainActivity t599}
06-13 10:05:48.351  1708  1798 I OplusAppSwitchManagerService: appswitch hasProcess ActivityRecord{522b964 u0 com.example.polyglot/.MainActivity t599}
06-13 10:05:48.355  1708  2842 D OplusEapManager: mTargetEnterName :com.example.polyglot
06-13 10:05:48.356  1708  2842 D VRR [OPlusFrontAppManager]: OnAppSwitchObserver: onAppEnter , info.targetName = com.example.polyglot
06-13 10:05:48.356  1708  1767 D VRR [OPlusRefreshRateService]: handleFrontAppChange pkgName: com.example.polyglot
06-13 10:05:48.356  1708  1767 D VRR [OPlusExternalRefreshRateManager]: setFrontPackageName pkgName: com.example.polyglot CurPkgName: null
06-13 10:05:48.356  1708  1749 E OplusThermalStats: Error getting package info: com.example.polyglot
06-13 10:05:48.367  1708  3829 D OplusAppListInterceptManager: shouldFilterTask::packageName = com.example.polyglot
06-13 10:05:48.367  1708  1728 D BatteryStatsImplExtImpl: resumedUid:10903 resumedBatteryLevel:85  resumedPackage:com.example.polyglot  resumedBatteryRealtimeCapacity:2467
06-13 10:05:48.373 30569 30569 W ActivityThread: Application com.example.polyglot can be debugged on port 8100...
06-13 10:05:48.386 30569 30569 I Quality : LaunchTime2.0: com.example.polyglot createOrUpdateClassLoaderLocked took time: 10
06-13 10:05:48.405 30569 30569 I Quality : BindApplication: com.example.polyglot
06-13 10:05:48.502 30569 30569 E AndroidRuntime: Process: com.example.polyglot, PID: 30569
06-13 10:05:48.502 30569 30569 E AndroidRuntime: java.lang.UnsatisfiedLinkError: dlopen failed: cannot locate symbol "get_low_level_c_string" referenced by "/data/app/~~Bw0cVFAgtxtlCcADCWJDNA==/com.example.polyglot-RsNIllhuhZUYHd-tzYrEnw==/lib/arm64/libnative.so"...
06-13 10:05:48.502 30569 30569 E AndroidRuntime: 	at com.example.polyglot.JavaBridge.<clinit>(JavaBridge.java:6)
06-13 10:05:48.502 30569 30569 E AndroidRuntime: 	at com.example.polyglot.MainActivity.onCreate(MainActivity.kt:13)
06-13 10:05:48.512  1708  4070 W ActivityTaskManager:   Force finishing activity com.example.polyglot/.MainActivity
06-13 10:05:48.516  1708  4070 V OplusZoomWindowManagerService: prepareZoomTransition: curStack=Task{49d96f7 #599 type=standard A=10903:com.example.polyglot U=0 visible=false mode=fullscreen translucent=true sz=1}   nextStackTask{3eb877a #1 type=home ?? U=0 visible=true mode=fullscreen translucent=true sz=1}
06-13 10:05:48.523  1708  1728 I Quality : LaunchTime2.0: com.example.polyglot/.MainActivity 1 287
06-13 10:05:48.565  1708  4070 V OplusZoomWindowManagerService: onAnimationFinished:  r = ActivityRecord{522b964 u0 com.example.polyglot/.MainActivity t599 f}}
06-13 10:05:48.579  1708  4070 D TheiaCrashMonitor: com.example.polyglotcrash
06-13 10:05:48.579  1708  4070 I ActivityManager: Process com.example.polyglot (pid 30569) has died: fg  TOP 
06-13 10:05:48.600  1708  4070 V OplusZoomWindowManagerService: onAnimationFinished:  r = ActivityRecord{522b964 u0 com.example.polyglot/.MainActivity t599 f}}
06-13 10:05:48.601  1708  4070 I WindowStateExtImpl: onSurfaceShowChange show = false mPackageName = com.example.polyglot parentPkgName = com.example.polyglot
06-13 10:05:48.602  1708  4070 D WindowManager: setParent old=ActivityRecord{522b964 u0 com.example.polyglot/.MainActivity t599 f}},new=null,this window=Window{bd66ace u0 Splash Screen com.example.polyglot},callers=com.android.server.wm.WindowContainer.removeChild:634 com.android.server.wm.ActivityRecord.removeChild:4080 com.android.server.wm.ActivityRecord.removeChild:389 com.android.server.wm.WindowContainer.removeImmediately:686 com.android.server.wm.WindowState.removeImmediately:2518 com.android.server.wm.WindowState.destroySurface:3711 
06-13 10:05:48.604  1708  4070 D OplusStartingWindowManager: interceptRemoveStartingWindow activity.packageName=com.example.polyglot isSnapshot=false mStartingSurfaceRunnable=null
06-13 10:05:48.607  1708  4070 D WindowManager: setParent old=Task{49d96f7 #599 type=standard A=10903:com.example.polyglot U=0 visible=false mode=fullscreen translucent=true sz=0},new=null,this window=ActivityRecord{522b964 u0 com.example.polyglot/.MainActivity t599 f}},callers=com.android.server.wm.WindowContainer.removeChild:634 com.android.server.wm.Task.removeChild:1857 com.android.server.wm.Task.removeChild:1836 com.android.server.wm.WindowContainer.removeImmediately:686 com.android.server.wm.WindowToken.removeImmediately:376 com.android.server.wm.ActivityRecord.removeImmediately:3884 
06-13 10:05:48.609  1708  4070 I OplusScreenSecurityMask: onStackRemoved task = Task{49d96f7 #599 type=standard A=10903:com.example.polyglot U=0 visible=false mode=fullscreen translucent=true sz=0} record = null displayId = 0
06-13 10:05:48.610  1708  4070 D WindowManager: setParent old=DefaultTaskDisplayArea@198163687,new=null,this window=Task{49d96f7 #599 type=standard A=10903:com.example.polyglot U=0 visible=true mode=fullscreen translucent=true sz=0},callers=com.android.server.wm.WindowContainer.removeChild:634 com.android.server.wm.TaskDisplayArea.removeChildTask:427 com.android.server.wm.TaskDisplayArea.removeChild:414 com.android.server.wm.WindowContainer.removeImmediately:686 com.android.server.wm.Task.removeImmediately:3369 com.android.server.wm.Task.removeIfPossible:1049 
06-13 10:05:48.610  1708  4070 D TaskExtImpl: remove ActivityRecord{522b964 u0 com.example.polyglot/.MainActivity t-1 f}} to mActivityRecordSum = Counter{ }
06-13 10:05:48.689  1708  1798 D OplusAppListInterceptManager: shouldFilterTask::packageName = com.example.polyglot
06-13 10:05:48.700  1708  3947 D OplusAppListInterceptManager: shouldFilterTask::packageName = com.example.polyglot
06-13 10:05:49.014  1708  1728 W ActivityTaskManager: Activity top resumed state loss timeout for ActivityRecord{522b964 u0 com.example.polyglot/.MainActivity t-1 f}}
06-13 10:05:49.014  1708  2842 D OplusEapManager: mTargetExitName :com.example.polyglot
06-13 10:05:49.015  1708  2842 D VRR [OPlusFrontAppManager]: OnAppSwitchObserver: onAppExit , info.targetName = com.example.polyglot
06-13 10:05:49.015  1708  1767 D VRR [OPlusExternalRefreshRateManager]: setFrontPackageName pkgName: null CurPkgName: com.example.polyglot
06-13 10:05:49.017  1708  4070 D VRR [OPlusRefreshRateService]:  setFrameRateTargetControl [ 0.0 , com.example.polyglot , false , com.oplus.battery ]
06-13 10:05:49.017  1708  4070 D VRR [OPlusExternalRefreshRateManager]:  [FRTC] FrameRate : 0 com.example.polyglot false com.oplus.battery
06-13 10:05:49.018  1708  1767 D VRR [OPlusSurfaceFlingerController]:  add frtc FrameRate : 0 com.example.polyglot false com.oplus.battery
06-13 10:05:49.081  1708  1721 D OplusAppListInterceptManager: shouldFilterTask::packageName = com.example.polyglot
06-13 10:07:05.762  1708  1798 I PowerHalWrapper: amsBoostNotify pid:2481,activity:com.android.launcher.Launcher, package:com.android.launcher, mProcessCreatePackcom.example.polyglot 
06-13 10:07:06.282  1708  1728 I PowerHalWrapper: amsBoostNotify pid:27758,activity:com.alif.app.AppActivity, package:com.alif.ide, mProcessCreatePackcom.example.polyglot 
06-13 10:07:08.651  1708  3947 I PowerHalWrapper: amsBoostNotify pid:27170,activity:com.termux.app.TermuxActivity, package:com.termux, mProcessCreatePackcom.example.polyglot 
06-13 10:07:08.657  1708  3947 I PowerHalWrapper: amsBoostNotify pid:2481,activity:com.android.launcher.Launcher, package:com.android.launcher, mProcessCreatePackcom.example.polyglot 
06-13 10:07:09.057  1708  1728 I PowerHalWrapper: amsBoostNotify pid:2481,activity:com.android.launcher.Launcher, package:com.android.launcher, mProcessCreatePackcom.example.polyglot 
06-13 10:07:11.539  1708  2805 I PowerHalWrapper: amsBoostNotify pid:2481,activity:com.android.launcher.Launcher, package:com.android.launcher, mProcessCreatePackcom.example.polyglot 
06-13 10:07:12.079  1708  1728 I PowerHalWrapper: amsBoostNotify pid:27170,activity:com.termux.app.TermuxActivity, package:com.termux, mProcessCreatePackcom.example.polyglot 
06-13 10:07:15.007  1708  1798 I ActivityTaskManager: START u0 {act=android.intent.action.MAIN cat=[android.intent.category.LAUNCHER] flg=0x10200000 cmp=com.example.polyglot/.MainActivity bnds=[548,1206][800,1521] mCallingUid=10067} from uid 10067
06-13 10:07:15.015  1708  1798 I OplusScreenSecurityMask: onStackAdded task = Task{823bedf #600 type=standard A=10903:com.example.polyglot U=0 visible=false mode=fullscreen translucent=true sz=0} record = null displayId = 0
06-13 10:07:15.017  1708  1798 E WindowManager: makeSurface ActivityRecord{ada672c u0 com.example.polyglot/.MainActivity t600} windowType 2
06-13 10:07:15.019  1708  1798 D TaskExtImpl: add ActivityRecord{ada672c u0 com.example.polyglot/.MainActivity t600} to mActivityRecordSum = Counter{ com.example.polyglot/.MainActivity(1) }
06-13 10:07:15.022  1708  1798 D ActivityTaskManager: getStartingWindowType: newTask=true, taskSwitch=true, processRunning=false, allowTaskSnapshot=true, activityCreated=false, snapshot=null, record:ActivityRecord{ada672c u0 com.example.polyglot/.MainActivity t600}
06-13 10:07:15.024  1708  1798 V OplusZoomWindowManagerService: windowMode: 0 ,stack: Task{823bedf #600 type=standard A=10903:com.example.polyglot U=0 visible=true mode=fullscreen translucent=true sz=1}
06-13 10:07:15.025  1708  1798 I PowerHalWrapper: <amsBoostResume> last:com.android.launcher, next:com.example.polyglot 
06-13 10:07:15.034  2159  2396 D WindowManager: Add to mViews: android.widget.FrameLayout{f423b8b V.E...... ......I. 0,0-0,0},pkg= com.example.polyglot
06-13 10:07:15.036  1708  1728 I PowerHalWrapper: amsBoostProcessCreate package:com.example.polyglot 
06-13 10:07:15.037  1708  1728 D SBE-LaunchIdentify: SBE boost:com.example.polyglot begin
06-13 10:07:15.040  1708  4070 D OplusDisplayPolicy: com.example.polyglot, no change cutoutMode: 0
06-13 10:07:15.043  1708  2188 I OplusHansManager : front pkg: com.example.polyglot, uid: 10903, prev pkg: com.android.launcher, prev uid: 10067
06-13 10:07:15.046  1708  2689 I OplusResourcePreloadManager: resume pkg: com.example.polyglot, uid:10903, prev pkg: com.android.launcher, prev uid: 10067
06-13 10:07:15.048  1708  2188 I PowerHalWrapper: amsBoostNotify pid:2481,activity:com.android.launcher.Launcher, package:com.android.launcher, mProcessCreatePackcom.example.polyglot 
06-13 10:07:15.051  1708  2188 D OplusDisplayPolicy: com.example.polyglot, no change cutoutMode: 0
06-13 10:07:15.051   909   975 I BufferQueueDebug: [Splash Screen com.example.polyglot#0](this:0xb4000073cbf9a998,id:-1,api:0,p:-1,c:-1) BufferQueue core=(909:/system/bin/surfaceflinger)
06-13 10:07:15.061  2159  2396 I BLASTBufferQueue: [ViewRootImpl[Splash Screen com.example.polyglot]#2464] constructor()
06-13 10:07:15.063  1708  1742 I ActivityManager: Start proc 31250:com.example.polyglot/u0a903 for pre-top-activity {com.example.polyglot/com.example.polyglot.MainActivity}
06-13 10:07:15.064  2159  2846 I BufferQueueProducer: [ViewRootImpl[Splash Screen com.example.polyglot]#2464(BLAST Consumer)2464](id:86f000009d4,api:1,p:2159,c:2159) connect: api=1 producerControlledByApp=true
06-13 10:07:15.064  7417  8436 D BinderSender: sendBinder to uid 10903: packages=com.example.polyglot
06-13 10:07:15.099   909   909 D OplusLayer: setBuffer sequence=57086, name=Splash Screen com.example.polyglot#0
06-13 10:07:15.103  1708  1729 I WindowStateExtImpl: onSurfaceShowChange show = true mPackageName = com.example.polyglot parentPkgName = com.example.polyglot
06-13 10:07:15.135  1708  4070 I OplusAppSwitchManagerService: appswitch hasProcess ActivityRecord{ada672c u0 com.example.polyglot/.MainActivity t600}
06-13 10:07:15.135  1708  4070 I OplusAppSwitchManagerService: appswitch hasProcess ActivityRecord{ada672c u0 com.example.polyglot/.MainActivity t600}
06-13 10:07:15.135  1708  4070 I PowerHalWrapper: amsBoostNotify pid:31250,activity:com.example.polyglot.MainActivity, package:com.example.polyglot, mProcessCreatePackcom.example.polyglot 
06-13 10:07:15.135  1708  2842 V DCSEX-AppSwitchManager: OnAppSwitchObserver: onAppExit, resuming = com.example.polyglot, target = com.android.launcher, is ResumingFirstStart =  true, is ResumingMultiApp =  false, extensionInfo =  Bundle[{taskId=600, uid=10903}]
06-13 10:07:15.135   831   913 I libPowerHal: [perfNotifyAppState] foreground:com.example.polyglot, pid:31250, uid:10903
06-13 10:07:15.135  1708  7146 D DCSEX-AppLaunchEventRecorder: onAppSwitch from = com.android.launcher to = com.example.polyglot
06-13 10:07:15.135   831   913 I UxUtility: notifyForegroundApp pack:com.example.polyglot, uid:10903
06-13 10:07:15.136   831   868 I mtkpower@impl: [notifyAppState] pc:1, com.android.launcher => com.example.polyglot
06-13 10:07:15.136  1708  4070 I InputDispatcher: setFocusedApplication displayId=0 ActivityRecord{ada672c u0 com.example.polyglot/.MainActivity t600}
06-13 10:07:15.138  1708  1749 E OplusThermalStats: Error getting package info: com.example.polyglot
06-13 10:07:15.141  7417  7477 D BinderSender: sendBinder to uid 10903: packages=com.example.polyglot
06-13 10:07:15.142  1708  2842 D OplusEapManager: mTargetEnterName :com.example.polyglot
06-13 10:07:15.143  1708  2842 V DCSEX-AppSwitchManager: OnAppSwitchObserver: onAppEnter, launchedFrom =  com.android.launcher, target =  com.example.polyglot, is firstStart =  true, is multiApp =  false, extensionInfo =  Bundle[{taskId=600, pid=31250, uid=10903}]
06-13 10:07:15.143  1708  2842 D VRR [OPlusFrontAppManager]: OnAppSwitchObserver: onAppEnter , info.targetName = com.example.polyglot
06-13 10:07:15.143  1708  1767 D VRR [OPlusRefreshRateService]: handleFrontAppChange pkgName: com.example.polyglot
06-13 10:07:15.143  2516 26128 W Battery : ThermalControlUtils: mForegroundPkg=com.example.polyglot
06-13 10:07:15.143  1708  1767 D VRR [OPlusExternalRefreshRateManager]: setFrontPackageName pkgName: com.example.polyglot CurPkgName: null
06-13 10:07:15.148  1708  1728 D BatteryStatsImplExtImpl: resumedUid:10903 resumedBatteryLevel:84  resumedPackage:com.example.polyglot  resumedBatteryRealtimeCapacity:2452
06-13 10:07:15.156 31250 31250 W ActivityThread: Application com.example.polyglot can be debugged on port 8100...
06-13 10:07:15.157  1708  2805 D OplusAppListInterceptManager: shouldFilterTask::packageName = com.example.polyglot
06-13 10:07:15.163 31250 31250 D nativeloader: Configuring clns-4 for other apk /system/framework/org.apache.http.legacy.jar. target_sdk_version=34, uses_libraries=ALL, library_path=/data/app/~~Bw0cVFAgtxtlCcADCWJDNA==/com.example.polyglot-RsNIllhuhZUYHd-tzYrEnw==/lib/arm64:/data/app/~~Bw0cVFAgtxtlCcADCWJDNA==/com.example.polyglot-RsNIllhuhZUYHd-tzYrEnw==/base.apk!/lib/arm64-v8a, permitted_path=/data:/mnt/expand:/data/user/0/com.example.polyglot
06-13 10:07:15.167 31250 31250 D nativeloader: Configuring clns-5 for other apk /data/app/~~Bw0cVFAgtxtlCcADCWJDNA==/com.example.polyglot-RsNIllhuhZUYHd-tzYrEnw==/base.apk. target_sdk_version=34, uses_libraries=, library_path=/data/app/~~Bw0cVFAgtxtlCcADCWJDNA==/com.example.polyglot-RsNIllhuhZUYHd-tzYrEnw==/lib/arm64:/data/app/~~Bw0cVFAgtxtlCcADCWJDNA==/com.example.polyglot-RsNIllhuhZUYHd-tzYrEnw==/base.apk!/lib/arm64-v8a, permitted_path=/data:/mnt/expand:/data/user/0/com.example.polyglot
06-13 10:07:15.169 31250 31250 I Quality : LaunchTime2.0: com.example.polyglot createOrUpdateClassLoaderLocked took time: 10
06-13 10:07:15.178 31250 31250 V GraphicsEnvironment: ANGLE Developer option for 'com.example.polyglot' set to: 'default'
06-13 10:07:15.188 31250 31250 I Quality : BindApplication: com.example.polyglot
06-13 10:07:15.205 31250 31277 D libMEOW : applied 1 plugins for [com.example.polyglot]:
06-13 10:07:15.278 31250 31250 D nativeloader: Load /data/app/~~Bw0cVFAgtxtlCcADCWJDNA==/com.example.polyglot-RsNIllhuhZUYHd-tzYrEnw==/lib/arm64/libnative.so using class loader ns clns-5 (caller=/data/app/~~Bw0cVFAgtxtlCcADCWJDNA==/com.example.polyglot-RsNIllhuhZUYHd-tzYrEnw==/base.apk): dlopen failed: cannot locate symbol "get_low_level_c_string" referenced by "/data/app/~~Bw0cVFAgtxtlCcADCWJDNA==/com.example.polyglot-RsNIllhuhZUYHd-tzYrEnw==/lib/arm64/libnative.so"...
06-13 10:07:15.280 31250 31250 E AndroidRuntime: Process: com.example.polyglot, PID: 31250
06-13 10:07:15.280 31250 31250 E AndroidRuntime: java.lang.UnsatisfiedLinkError: dlopen failed: cannot locate symbol "get_low_level_c_string" referenced by "/data/app/~~Bw0cVFAgtxtlCcADCWJDNA==/com.example.polyglot-RsNIllhuhZUYHd-tzYrEnw==/lib/arm64/libnative.so"...
06-13 10:07:15.280 31250 31250 E AndroidRuntime: 	at com.example.polyglot.JavaBridge.<clinit>(JavaBridge.java:6)
06-13 10:07:15.280 31250 31250 E AndroidRuntime: 	at com.example.polyglot.MainActivity.onCreate(MainActivity.kt:13)
06-13 10:07:15.284  1708  2672 D OplusAppStartupMonitor: notifyUnstableAppInfo: Bundle[{unstableTime=1781325435283, reason=crash, userId=0, safecenter=unstable, exceptionMsg=dlopen failed: cannot locate symbol "get_low_level_c_string" referenced by "/data/app/~~Bw0cVFAgtxtlCcADCWJDNA==/com.example.polyglot-RsNIllhuhZUYHd-tzYrEnw==/lib/arm64/libnative.so"..., exceptionClass=java.lang.UnsatisfiedLinkError, packageName=com.example.polyglot, unstable_restrict_switch=true}]
06-13 10:07:15.290  1708  4021 W ActivityTaskManager:   Force finishing activity com.example.polyglot/.MainActivity
06-13 10:07:15.293  1708  4021 V OplusZoomWindowManagerService: prepareZoomTransition: curStack=Task{823bedf #600 type=standard A=10903:com.example.polyglot U=0 visible=false mode=fullscreen translucent=true sz=1}   nextStackTask{3eb877a #1 type=home ?? U=0 visible=true mode=fullscreen translucent=true sz=1}
06-13 10:07:15.300  1708  1728 I Quality : LaunchTime2.0: com.example.polyglot/.MainActivity 1 270
06-13 10:07:15.330  1708  2805 D TheiaManager: KEY:packageNameVALUE:com.example.polyglot
06-13 10:07:15.330  1708  2805 D TheiaCrashMonitor: com.example.polyglotcrash
06-13 10:07:15.330  1708  2805 I ActivityManager: Process com.example.polyglot (pid 31250) has died: fg  TOP 
06-13 10:07:15.335  1708  2805 D OplusStartingWindowManager: interceptRemoveStartingWindow activity.packageName=com.example.polyglot isSnapshot=false mStartingSurfaceRunnable=null
06-13 10:07:15.336  1708  2805 I OplusHansManager : front pkg: com.android.launcher, uid: 10067, prev pkg: com.example.polyglot, prev uid: 10903
06-13 10:07:15.341  2159  2846 I BufferQueueProducer: [ViewRootImpl[Splash Screen com.example.polyglot]#2464(BLAST Consumer)2464](id:86f000009d4,api:1,p:2159,c:2159) disconnect: api 1
06-13 10:07:15.343  2159  2396 I BLASTBufferQueue: [ViewRootImpl[Splash Screen com.example.polyglot]#2464] destructor()
06-13 10:07:15.343  2159  2396 I BufferQueueConsumer: [ViewRootImpl[Splash Screen com.example.polyglot]#2464(BLAST Consumer)2464](id:86f000009d4,api:0,p:-1,c:2159) disconnect
06-13 10:07:15.344  1708  2689 I OplusResourcePreloadManager: resume pkg: com.android.launcher, uid:10067, prev pkg: com.example.polyglot, prev uid: 10903
06-13 10:07:15.366  1708  1798 W InputManager-JNI: Input channel object '76d6a56 Splash Screen com.example.polyglot (client)' was disposed without first being removed with the input manager!
06-13 10:07:15.366  1708  1798 D WindowManager: setParent old=ActivityRecord{ada672c u0 com.example.polyglot/.MainActivity t600 f} isExiting},new=null,this window=Window{76d6a56 u0 Splash Screen com.example.polyglot EXITING},callers=com.android.server.wm.WindowContainer.removeChild:634 com.android.server.wm.ActivityRecord.removeChild:4080 com.android.server.wm.ActivityRecord.removeChild:389 com.android.server.wm.WindowContainer.removeImmediately:686 com.android.server.wm.WindowState.removeImmediately:2518 com.android.server.wm.WindowState.removeIfPossible:2714 
06-13 10:07:15.366  1708  1798 I WindowStateExtImpl: onSurfaceShowChange show = false mPackageName = com.example.polyglot parentPkgName = com.example.polyglot
06-13 10:07:15.377   909   909 D OplusLayer: ~Layer() sequence=57085, name=76d6a56 Splash Screen com.example.polyglot#0 0xb4000073cecfc800
06-13 10:07:15.379   909   909 I BufferQueueDebug: [Splash Screen com.example.polyglot#0](this:0xb4000073cbf9a998,id:-1,api:0,p:-1,c:909) onDestructor()
06-13 10:07:15.379   909   909 D OplusLayer: ~Layer() sequence=57086, name=Splash Screen com.example.polyglot#0 0xb4000073cbf98000
06-13 10:07:15.381  1708  4021 V OplusZoomWindowManagerService: onAnimationFinished:  r = ActivityRecord{ada672c u0 com.example.polyglot/.MainActivity t600 f} isExiting}
06-13 10:07:15.385  1708  1729 D WindowManager: setParent old=Task{823bedf #600 type=standard A=10903:com.example.polyglot U=0 visible=false mode=fullscreen translucent=true sz=0},new=null,this window=ActivityRecord{ada672c u0 com.example.polyglot/.MainActivity t600 f}},callers=com.android.server.wm.WindowContainer.removeChild:634 com.android.server.wm.Task.removeChild:1857 com.android.server.wm.Task.removeChild:1836 com.android.server.wm.WindowContainer.removeImmediately:686 com.android.server.wm.WindowToken.removeImmediately:376 com.android.server.wm.ActivityRecord.removeImmediately:3884 
06-13 10:07:15.386  1708  1729 I OplusScreenSecurityMask: onStackRemoved task = Task{823bedf #600 type=standard A=10903:com.example.polyglot U=0 visible=false mode=fullscreen translucent=true sz=0} record = null displayId = 0
06-13 10:07:15.387  1708  1729 D WindowManager: setParent old=DefaultTaskDisplayArea@198163687,new=null,this window=Task{823bedf #600 type=standard A=10903:com.example.polyglot U=0 visible=false mode=fullscreen translucent=true sz=0},callers=com.android.server.wm.WindowContainer.removeChild:634 com.android.server.wm.TaskDisplayArea.removeChildTask:427 com.android.server.wm.TaskDisplayArea.removeChild:414 com.android.server.wm.WindowContainer.removeImmediately:686 com.android.server.wm.Task.removeImmediately:3369 com.android.server.wm.Task.removeIfPossible:1049 
06-13 10:07:15.387  1708  1729 D TaskExtImpl: remove ActivityRecord{ada672c u0 com.example.polyglot/.MainActivity t-1 f}} to mActivityRecordSum = Counter{ }
06-13 10:07:15.394   909   909 D OplusLayer: ~Layer() sequence=57084, name=ActivityRecord{ada672c u0 com.example.polyglot/.MainActivity#0 0xb4000073cd8f2800
06-13 10:07:15.407  1708  1721 D OplusAppListInterceptManager: shouldFilterTask::packageName = com.example.polyglot
06-13 10:07:15.409  1708  2186 D OplusAppListInterceptManager: shouldFilterTask::packageName = com.example.polyglot
06-13 10:07:15.652  2516  2786 W AuthDialogHelper: checkNotificationSwitchFirst() called with: context = [com.oplus.notification.NotificationCenterService@d9aa90c], pkg = [com.example.polyglot], uid = [10903], userId = [0], init checker
06-13 10:07:15.653  2516  2786 E AuthDialogHelper: CheckNotificationCanBeSetSecond: check com.example.polyglot , Notification master switch on, unable to pop dialog
06-13 10:07:15.792  1708  1728 W ActivityTaskManager: Activity top resumed state loss timeout for ActivityRecord{ada672c u0 com.example.polyglot/.MainActivity t-1 f}}
06-13 10:07:15.792  1708  2842 D OplusEapManager: mTargetExitName :com.example.polyglot
06-13 10:07:15.792  1708  1728 I PowerHalWrapper: amsBoostNotify pid:2481,activity:com.android.launcher.Launcher, package:com.android.launcher, mProcessCreatePackcom.example.polyglot 
06-13 10:07:15.792  1708  2842 V DCSEX-AppSwitchManager: OnAppSwitchObserver: onAppExit, resuming = com.android.launcher, target = com.example.polyglot, is ResumingFirstStart =  false, is ResumingMultiApp =  false, extensionInfo =  Bundle[{taskId=398, uid=10067}]
06-13 10:07:15.792  1708  2842 D VRR [OPlusFrontAppManager]: OnAppSwitchObserver: onAppExit , info.targetName = com.example.polyglot
06-13 10:07:15.792  1708  7146 D DCSEX-AppLaunchEventRecorder: onAppSwitch from = com.example.polyglot to = com.android.launcher
06-13 10:07:15.792  1708  1767 D VRR [OPlusExternalRefreshRateManager]: setFrontPackageName pkgName: null CurPkgName: com.example.polyglot
06-13 10:07:15.793   831   868 I mtkpower@impl: [notifyAppState] pc:0, com.example.polyglot => com.android.launcher
06-13 10:07:15.794  1708  1807 D VRR [OPlusRefreshRateService]:  setFrameRateTargetControl [ 0.0 , com.example.polyglot , false , com.oplus.battery ]
06-13 10:07:15.794  1708  1807 D VRR [OPlusExternalRefreshRateManager]:  [FRTC] FrameRate : 0 com.example.polyglot false com.oplus.battery
06-13 10:07:15.794  1708  1767 D VRR [OPlusSurfaceFlingerController]:  add frtc FrameRate : 0 com.example.polyglot false com.oplus.battery
06-13 10:07:15.794   909   975 I VRR [FRTC]: setFrameRateTarget with [0, com.example.polyglot, 0, com.oplus.battery]
06-13 10:07:15.794   909   975 W VRR [FRTC]: invalid param { fps 0, proc_name com.example.polyglot, strict_mode 0, description com.oplus.battery, rate_status 0, backend Surface, enable at 2026-06-13 10:07:15, disable waiting } for current status.
06-13 10:07:16.832  1708  3964 I ActivityTaskManager: START u0 {act=android.intent.action.MAIN cat=[android.intent.category.LAUNCHER] flg=0x10200000 cmp=com.example.polyglot/.MainActivity bnds=[557,1217][809,1532] mCallingUid=10067} from uid 10067
06-13 10:07:16.837  1708  3964 I OplusScreenSecurityMask: onStackAdded task = Task{3b445eb #601 type=standard A=10903:com.example.polyglot U=0 visible=false mode=fullscreen translucent=true sz=0} record = null displayId = 0
06-13 10:07:16.838  1708  3964 E WindowManager: makeSurface ActivityRecord{fd18f48 u0 com.example.polyglot/.MainActivity t601} windowType 2
06-13 10:07:16.839  1708  3964 D TaskExtImpl: add ActivityRecord{fd18f48 u0 com.example.polyglot/.MainActivity t601} to mActivityRecordSum = Counter{ com.example.polyglot/.MainActivity(1) }
06-13 10:07:16.841  1708  3964 D ActivityTaskManager: getStartingWindowType: newTask=true, taskSwitch=true, processRunning=false, allowTaskSnapshot=true, activityCreated=false, snapshot=null, record:ActivityRecord{fd18f48 u0 com.example.polyglot/.MainActivity t601}
06-13 10:07:16.843  1708  3964 V OplusZoomWindowManagerService: windowMode: 0 ,stack: Task{3b445eb #601 type=standard A=10903:com.example.polyglot U=0 visible=true mode=fullscreen translucent=true sz=1}
06-13 10:07:16.845  1708  3964 I PowerHalWrapper: <amsBoostResume> last:com.android.launcher, next:com.example.polyglot 
06-13 10:07:16.850  2159  2396 D WindowManager: Add to mViews: android.widget.FrameLayout{c9cdf14 V.E...... ......I. 0,0-0,0},pkg= com.example.polyglot
06-13 10:07:16.854  1708  3964 D OplusDisplayPolicy: com.example.polyglot, no change cutoutMode: 0
06-13 10:07:16.857  1708  2805 I OplusHansManager : front pkg: com.example.polyglot, uid: 10903, prev pkg: com.android.launcher, prev uid: 10067
06-13 10:07:16.859  1708  2689 I OplusResourcePreloadManager: resume pkg: com.example.polyglot, uid:10903, prev pkg: com.android.launcher, prev uid: 10067
06-13 10:07:16.861  1708  2805 I PowerHalWrapper: amsBoostNotify pid:2481,activity:com.android.launcher.Launcher, package:com.android.launcher, mProcessCreatePackcom.example.polyglot 
06-13 10:07:16.862  1708  3964 D OplusDisplayPolicy: com.example.polyglot, no change cutoutMode: 0
06-13 10:07:16.863   909   975 I BufferQueueDebug: [Splash Screen com.example.polyglot#0](this:0xb4000073cec74998,id:-1,api:0,p:-1,c:-1) BufferQueue core=(909:/system/bin/surfaceflinger)
06-13 10:07:16.869  1708  1728 I PowerHalWrapper: amsBoostProcessCreate package:com.example.polyglot 
06-13 10:07:16.869  2159  2396 I BLASTBufferQueue: [ViewRootImpl[Splash Screen com.example.polyglot]#2465] constructor()
06-13 10:07:16.869  1708  1728 D SBE-LaunchIdentify: SBE boost:com.example.polyglot begin
06-13 10:07:16.870  2159  2846 I BufferQueueProducer: [ViewRootImpl[Splash Screen com.example.polyglot]#2465(BLAST Consumer)2465](id:86f000009d5,api:1,p:2159,c:2159) connect: api=1 producerControlledByApp=true
06-13 10:07:16.889  7417  7477 D BinderSender: sendBinder to uid 10903: packages=com.example.polyglot
06-13 10:07:16.895   909   909 D OplusLayer: setBuffer sequence=57098, name=Splash Screen com.example.polyglot#0
06-13 10:07:16.900  1708  1729 I WindowStateExtImpl: onSurfaceShowChange show = true mPackageName = com.example.polyglot parentPkgName = com.example.polyglot
06-13 10:07:16.903  1708  1742 I ActivityManager: Start proc 31322:com.example.polyglot/u0a903 for pre-top-activity {com.example.polyglot/com.example.polyglot.MainActivity}
06-13 10:07:16.964  1708  2186 D OplusAppListInterceptManager: shouldFilterTask::packageName = com.example.polyglot
06-13 10:07:16.976  1708  4021 I OplusAppSwitchManagerService: appswitch hasProcess ActivityRecord{fd18f48 u0 com.example.polyglot/.MainActivity t601}
06-13 10:07:16.977  1708  4021 I OplusAppSwitchManagerService: appswitch hasProcess ActivityRecord{fd18f48 u0 com.example.polyglot/.MainActivity t601}
06-13 10:07:16.977  1708  2842 V DCSEX-AppSwitchManager: OnAppSwitchObserver: onAppExit, resuming = com.example.polyglot, target = com.android.launcher, is ResumingFirstStart =  true, is ResumingMultiApp =  false, extensionInfo =  Bundle[{taskId=601, uid=10903}]
06-13 10:07:16.978  1708  4021 I PowerHalWrapper: amsBoostNotify pid:31322,activity:com.example.polyglot.MainActivity, package:com.example.polyglot, mProcessCreatePackcom.example.polyglot 
06-13 10:07:16.978  1708  7146 D DCSEX-AppLaunchEventRecorder: onAppSwitch from = com.android.launcher to = com.example.polyglot
06-13 10:07:16.978  1708  4021 I InputDispatcher: setFocusedApplication displayId=0 ActivityRecord{fd18f48 u0 com.example.polyglot/.MainActivity t601}
06-13 10:07:16.978   831   913 I libPowerHal: [perfNotifyAppState] foreground:com.example.polyglot, pid:31322, uid:10903
06-13 10:07:16.979   831   913 I UxUtility: notifyForegroundApp pack:com.example.polyglot, uid:10903
06-13 10:07:16.979   831   868 I mtkpower@impl: [notifyAppState] pc:1, com.android.launcher => com.example.polyglot
06-13 10:07:16.981  1708  2842 D OplusEapManager: mTargetEnterName :com.example.polyglot
06-13 10:07:16.982  1708  2842 V DCSEX-AppSwitchManager: OnAppSwitchObserver: onAppEnter, launchedFrom =  com.android.launcher, target =  com.example.polyglot, is firstStart =  true, is multiApp =  false, extensionInfo =  Bundle[{taskId=601, pid=31322, uid=10903}]
06-13 10:07:16.982  1708  2842 D VRR [OPlusFrontAppManager]: OnAppSwitchObserver: onAppEnter , info.targetName = com.example.polyglot
06-13 10:07:16.982  1708  1767 D VRR [OPlusRefreshRateService]: handleFrontAppChange pkgName: com.example.polyglot
06-13 10:07:16.982  1708  1767 D VRR [OPlusExternalRefreshRateManager]: setFrontPackageName pkgName: com.example.polyglot CurPkgName: null
06-13 10:07:16.982  2516 26128 W Battery : ThermalControlUtils: mForegroundPkg=com.example.polyglot
06-13 10:07:16.983  1708  1749 E OplusThermalStats: Error getting package info: com.example.polyglot
06-13 10:07:16.987  7417  7477 D BinderSender: sendBinder to uid 10903: packages=com.example.polyglot
06-13 10:07:16.988  1708  1728 D BatteryStatsImplExtImpl: resumedUid:10903 resumedBatteryLevel:84  resumedPackage:com.example.polyglot  resumedBatteryRealtimeCapacity:2452
06-13 10:07:17.002 31322 31322 W ActivityThread: Application com.example.polyglot can be debugged on port 8100...
06-13 10:07:17.010 31322 31322 D nativeloader: Configuring clns-4 for other apk /system/framework/org.apache.http.legacy.jar. target_sdk_version=34, uses_libraries=ALL, library_path=/data/app/~~Bw0cVFAgtxtlCcADCWJDNA==/com.example.polyglot-RsNIllhuhZUYHd-tzYrEnw==/lib/arm64:/data/app/~~Bw0cVFAgtxtlCcADCWJDNA==/com.example.polyglot-RsNIllhuhZUYHd-tzYrEnw==/base.apk!/lib/arm64-v8a, permitted_path=/data:/mnt/expand:/data/user/0/com.example.polyglot
06-13 10:07:17.014 31322 31322 D nativeloader: Configuring clns-5 for other apk /data/app/~~Bw0cVFAgtxtlCcADCWJDNA==/com.example.polyglot-RsNIllhuhZUYHd-tzYrEnw==/base.apk. target_sdk_version=34, uses_libraries=, library_path=/data/app/~~Bw0cVFAgtxtlCcADCWJDNA==/com.example.polyglot-RsNIllhuhZUYHd-tzYrEnw==/lib/arm64:/data/app/~~Bw0cVFAgtxtlCcADCWJDNA==/com.example.polyglot-RsNIllhuhZUYHd-tzYrEnw==/base.apk!/lib/arm64-v8a, permitted_path=/data:/mnt/expand:/data/user/0/com.example.polyglot
06-13 10:07:17.017 31322 31322 I Quality : LaunchTime2.0: com.example.polyglot createOrUpdateClassLoaderLocked took time: 12
06-13 10:07:17.027 31322 31322 V GraphicsEnvironment: ANGLE Developer option for 'com.example.polyglot' set to: 'default'
06-13 10:07:17.037 31322 31322 I Quality : BindApplication: com.example.polyglot
06-13 10:07:17.051 31322 31345 D libMEOW : applied 1 plugins for [com.example.polyglot]:
06-13 10:07:17.126 31322 31322 D nativeloader: Load /data/app/~~Bw0cVFAgtxtlCcADCWJDNA==/com.example.polyglot-RsNIllhuhZUYHd-tzYrEnw==/lib/arm64/libnative.so using class loader ns clns-5 (caller=/data/app/~~Bw0cVFAgtxtlCcADCWJDNA==/com.example.polyglot-RsNIllhuhZUYHd-tzYrEnw==/base.apk): dlopen failed: cannot locate symbol "get_low_level_c_string" referenced by "/data/app/~~Bw0cVFAgtxtlCcADCWJDNA==/com.example.polyglot-RsNIllhuhZUYHd-tzYrEnw==/lib/arm64/libnative.so"...
06-13 10:07:17.128 31322 31322 E AndroidRuntime: Process: com.example.polyglot, PID: 31322
06-13 10:07:17.128 31322 31322 E AndroidRuntime: java.lang.UnsatisfiedLinkError: dlopen failed: cannot locate symbol "get_low_level_c_string" referenced by "/data/app/~~Bw0cVFAgtxtlCcADCWJDNA==/com.example.polyglot-RsNIllhuhZUYHd-tzYrEnw==/lib/arm64/libnative.so"...
06-13 10:07:17.128 31322 31322 E AndroidRuntime: 	at com.example.polyglot.JavaBridge.<clinit>(JavaBridge.java:6)
06-13 10:07:17.128 31322 31322 E AndroidRuntime: 	at com.example.polyglot.MainActivity.onCreate(MainActivity.kt:13)
06-13 10:07:17.132  1708  2672 D OplusAppStartupMonitor: notifyUnstableAppInfo: Bundle[{unstableTime=1781325437131, reason=crash, userId=0, safecenter=unstable, exceptionMsg=dlopen failed: cannot locate symbol "get_low_level_c_string" referenced by "/data/app/~~Bw0cVFAgtxtlCcADCWJDNA==/com.example.polyglot-RsNIllhuhZUYHd-tzYrEnw==/lib/arm64/libnative.so"..., exceptionClass=java.lang.UnsatisfiedLinkError, packageName=com.example.polyglot, unstable_restrict_switch=true}]
06-13 10:07:17.138  1708  2805 W ActivityTaskManager:   Force finishing activity com.example.polyglot/.MainActivity
06-13 10:07:17.141  1708  2805 V OplusZoomWindowManagerService: prepareZoomTransition: curStack=Task{3b445eb #601 type=standard A=10903:com.example.polyglot U=0 visible=false mode=fullscreen translucent=true sz=1}   nextStackTask{3eb877a #1 type=home ?? U=0 visible=true mode=fullscreen translucent=true sz=1}
06-13 10:07:17.152  1708  1728 I Quality : LaunchTime2.0: com.example.polyglot/.MainActivity 1 303
06-13 10:07:17.169  1708  3964 V OplusZoomWindowManagerService: onAnimationFinished:  r = ActivityRecord{fd18f48 u0 com.example.polyglot/.MainActivity t601 f}}
06-13 10:07:17.202  1708  1807 D TheiaManager: KEY:packageNameVALUE:com.example.polyglot
06-13 10:07:17.202  1708  1807 D TheiaCrashMonitor: com.example.polyglotcrash
06-13 10:07:17.202  1708  1807 I ActivityManager: Process com.example.polyglot (pid 31322) has died: fg  TOP 
06-13 10:07:17.220  1708  1807 V OplusZoomWindowManagerService: onAnimationFinished:  r = ActivityRecord{fd18f48 u0 com.example.polyglot/.MainActivity t601 f}}
06-13 10:07:17.220  1708  1807 I WindowStateExtImpl: onSurfaceShowChange show = false mPackageName = com.example.polyglot parentPkgName = com.example.polyglot
06-13 10:07:17.221  1708  1807 D WindowManager: setParent old=ActivityRecord{fd18f48 u0 com.example.polyglot/.MainActivity t601 f}},new=null,this window=Window{72dfb1d u0 Splash Screen com.example.polyglot},callers=com.android.server.wm.WindowContainer.removeChild:634 com.android.server.wm.ActivityRecord.removeChild:4080 com.android.server.wm.ActivityRecord.removeChild:389 com.android.server.wm.WindowContainer.removeImmediately:686 com.android.server.wm.WindowState.removeImmediately:2518 com.android.server.wm.WindowState.destroySurface:3711 
06-13 10:07:17.221  1708  1807 W InputManager-JNI: Input channel object '72dfb1d Splash Screen com.example.polyglot (client)' was disposed without first being removed with the input manager!
06-13 10:07:17.221  1708  1807 D OplusStartingWindowManager: interceptRemoveStartingWindow activity.packageName=com.example.polyglot isSnapshot=false mStartingSurfaceRunnable=null
06-13 10:07:17.224  1708  1807 D WindowManager: setParent old=Task{3b445eb #601 type=standard A=10903:com.example.polyglot U=0 visible=false mode=fullscreen translucent=true sz=0},new=null,this window=ActivityRecord{fd18f48 u0 com.example.polyglot/.MainActivity t601 f}},callers=com.android.server.wm.WindowContainer.removeChild:634 com.android.server.wm.Task.removeChild:1857 com.android.server.wm.Task.removeChild:1836 com.android.server.wm.WindowContainer.removeImmediately:686 com.android.server.wm.WindowToken.removeImmediately:376 com.android.server.wm.ActivityRecord.removeImmediately:3884 
06-13 10:07:17.226  1708  1807 I OplusScreenSecurityMask: onStackRemoved task = Task{3b445eb #601 type=standard A=10903:com.example.polyglot U=0 visible=false mode=fullscreen translucent=true sz=0} record = null displayId = 0
06-13 10:07:17.226  1708  1807 D WindowManager: setParent old=DefaultTaskDisplayArea@198163687,new=null,this window=Task{3b445eb #601 type=standard A=10903:com.example.polyglot U=0 visible=true mode=fullscreen translucent=true sz=0},callers=com.android.server.wm.WindowContainer.removeChild:634 com.android.server.wm.TaskDisplayArea.removeChildTask:427 com.android.server.wm.TaskDisplayArea.removeChild:414 com.android.server.wm.WindowContainer.removeImmediately:686 com.android.server.wm.Task.removeImmediately:3369 com.android.server.wm.Task.removeIfPossible:1049 
06-13 10:07:17.227  1708  1807 D TaskExtImpl: remove ActivityRecord{fd18f48 u0 com.example.polyglot/.MainActivity t-1 f}} to mActivityRecordSum = Counter{ }
06-13 10:07:17.228  1708  1807 I OplusHansManager : front pkg: com.android.launcher, uid: 10067, prev pkg: com.example.polyglot, prev uid: 10903
06-13 10:07:17.230  1708  2689 I OplusResourcePreloadManager: resume pkg: com.android.launcher, uid:10067, prev pkg: com.example.polyglot, prev uid: 10903
06-13 10:07:17.233   909   909 D OplusLayer: ~Layer() sequence=57097, name=72dfb1d Splash Screen com.example.polyglot#0 0xb4000073ced29800
06-13 10:07:17.247  2159  2846 I BufferQueueProducer: [ViewRootImpl[Splash Screen com.example.polyglot]#2465(BLAST Consumer)2465](id:86f000009d5,api:1,p:2159,c:2159) disconnect: api 1
06-13 10:07:17.250   909   909 D OplusLayer: ~Layer() sequence=57096, name=ActivityRecord{fd18f48 u0 com.example.polyglot/.MainActivity#0 0xb4000073cecfc800
06-13 10:07:17.253  2159  2396 I BLASTBufferQueue: [ViewRootImpl[Splash Screen com.example.polyglot]#2465] destructor()
06-13 10:07:17.253  2159  2396 I BufferQueueConsumer: [ViewRootImpl[Splash Screen com.example.polyglot]#2465(BLAST Consumer)2465](id:86f000009d5,api:0,p:-1,c:2159) disconnect
06-13 10:07:17.266   909   909 I BufferQueueDebug: [Splash Screen com.example.polyglot#0](this:0xb4000073cec74998,id:-1,api:0,p:-1,c:909) onDestructor()
06-13 10:07:17.266   909   909 D OplusLayer: ~Layer() sequence=57098, name=Splash Screen com.example.polyglot#0 0xb4000073cec72000
06-13 10:07:17.302  1708  1807 D OplusAppListInterceptManager: shouldFilterTask::packageName = com.example.polyglot
06-13 10:07:17.305  1708  2805 D OplusAppListInterceptManager: shouldFilterTask::packageName = com.example.polyglot
06-13 10:07:17.490  2516  2786 W AuthDialogHelper: checkNotificationSwitchFirst() called with: context = [com.oplus.notification.NotificationCenterService@d9aa90c], pkg = [com.example.polyglot], uid = [10903], userId = [0], init checker
06-13 10:07:17.490  2516  2786 E AuthDialogHelper: CheckNotificationCanBeSetSecond: check com.example.polyglot , Notification master switch on, unable to pop dialog
06-13 10:07:17.612  1708  4070 D OplusAppListInterceptManager: shouldFilterTask::packageName = com.example.polyglot
06-13 10:07:17.640  1708  1728 W ActivityTaskManager: Activity top resumed state loss timeout for ActivityRecord{fd18f48 u0 com.example.polyglot/.MainActivity t-1 f}}
06-13 10:07:17.640  1708  2842 D OplusEapManager: mTargetExitName :com.example.polyglot
06-13 10:07:17.640  1708  2842 V DCSEX-AppSwitchManager: OnAppSwitchObserver: onAppExit, resuming = com.android.launcher, target = com.example.polyglot, is ResumingFirstStart =  false, is ResumingMultiApp =  false, extensionInfo =  Bundle[{taskId=398, uid=10067}]
06-13 10:07:17.640  1708  2842 D VRR [OPlusFrontAppManager]: OnAppSwitchObserver: onAppExit , info.targetName = com.example.polyglot
06-13 10:07:17.640  1708  7146 D DCSEX-AppLaunchEventRecorder: onAppSwitch from = com.example.polyglot to = com.android.launcher
06-13 10:07:17.640  1708  1728 I PowerHalWrapper: amsBoostNotify pid:2481,activity:com.android.launcher.Launcher, package:com.android.launcher, mProcessCreatePackcom.example.polyglot 
06-13 10:07:17.640  1708  1767 D VRR [OPlusExternalRefreshRateManager]: setFrontPackageName pkgName: null CurPkgName: com.example.polyglot
06-13 10:07:17.641   831   868 I mtkpower@impl: [notifyAppState] pc:0, com.example.polyglot => com.android.launcher
06-13 10:07:17.642  1708  4070 D VRR [OPlusRefreshRateService]:  setFrameRateTargetControl [ 0.0 , com.example.polyglot , false , com.oplus.battery ]
06-13 10:07:17.642  1708  4070 D VRR [OPlusExternalRefreshRateManager]:  [FRTC] FrameRate : 0 com.example.polyglot false com.oplus.battery
06-13 10:07:17.642  1708  1767 D VRR [OPlusSurfaceFlingerController]:  add frtc FrameRate : 0 com.example.polyglot false com.oplus.battery
06-13 10:07:17.643   909   973 I VRR [FRTC]: setFrameRateTarget with [0, com.example.polyglot, 0, com.oplus.battery]
06-13 10:07:17.643   909   973 W VRR [FRTC]: invalid param { fps 0, proc_name com.example.polyglot, strict_mode 0, description com.oplus.battery, rate_status 0, backend Surface, enable at 2026-06-13 10:07:17, disable waiting } for current status.
06-13 10:07:19.108  1708  4021 I PowerHalWrapper: amsBoostNotify pid:27170,activity:com.termux.app.TermuxActivity, package:com.termux, mProcessCreatePackcom.example.polyglot 
06-13 10:07:19.114  1708  4021 I PowerHalWrapper: amsBoostNotify pid:2481,activity:com.android.launcher.Launcher, package:com.android.launcher, mProcessCreatePackcom.example.polyglot 
06-13 10:07:19.517  1708  1728 I P