06-11 22:53:25.549 28050 28050 E AndroidRuntime: java.lang.RuntimeException: Unable to instantiate application com.example.polyglot package com.example.polyglot: java.lang.ClassNotFoundException: Didn't find class "com.example.polyglot" on path: DexPathList[[zip file "/data/app/~~MlnGZF_X5SrMIaV43e5ewg==/com.example.polyglot-agch31ojxYBKodOm7aigoA==/base.apk"],nativeLibraryDirectories=[/data/app/~~MlnGZF_X5SrMIaV43e5ewg==/com.example.polyglot-agch31ojxYBKodOm7aigoA==/lib/arm64, /data/app/~~MlnGZF_X5SrMIaV43e5ewg==/com.example.polyglot-agch31ojxYBKodOm7aigoA==/base.apk!/lib/arm64-v8a, /system/lib64, /system_ext/lib64]]
06-11 22:53:25.549 28050 28050 E AndroidRuntime: Caused by: java.lang.ClassNotFoundException: Didn't find class "com.example.polyglot" on path: DexPathList[[zip file "/data/app/~~MlnGZF_X5SrMIaV43e5ewg==/com.example.polyglot-agch31ojxYBKodOm7aigoA==/base.apk"],nativeLibraryDirectories=[/data/app/~~MlnGZF_X5SrMIaV43e5ewg==/com.example.polyglot-agch31ojxYBKodOm7aigoA==/lib/arm64, /data/app/~~MlnGZF_X5SrMIaV43e5ewg==/com.example.polyglot-agch31ojxYBKodOm7aigoA==/base.apk!/lib/arm64-v8a, /system/lib64, /system_ext/lib64]]
06-11 22:53:29.605 28388 28388 E AndroidRuntime: Process: com.example.polyglot, PID: 28388
06-11 22:53:29.605 28388 28388 E AndroidRuntime: java.lang.RuntimeException: Unable to instantiate application com.example.polyglot package com.example.polyglot: java.lang.ClassNotFoundException: Didn't find class "com.example.polyglot" on path: DexPathList[[zip file "/data/app/~~MlnGZF_X5SrMIaV43e5ewg==/com.example.polyglot-agch31ojxYBKodOm7aigoA==/base.apk"],nativeLibraryDirectories=[/data/app/~~MlnGZF_X5SrMIaV43e5ewg==/com.example.polyglot-agch31ojxYBKodOm7aigoA==/lib/arm64, /data/app/~~MlnGZF_X5SrMIaV43e5ewg==/com.example.polyglot-agch31ojxYBKodOm7aigoA==/base.apk!/lib/arm64-v8a, /system/lib64, /system_ext/lib64]]
06-11 22:53:29.605 28388 28388 E AndroidRuntime: Caused by: java.lang.ClassNotFoundException: Didn't find class "com.example.polyglot" on path: DexPathList[[zip file "/data/app/~~MlnGZF_X5SrMIaV43e5ewg==/com.example.polyglot-agch31ojxYBKodOm7aigoA==/base.apk"],nativeLibraryDirectories=[/data/app/~~MlnGZF_X5SrMIaV43e5ewg==/com.example.polyglot-agch31ojxYBKodOm7aigoA==/lib/arm64, /data/app/~~MlnGZF_X5SrMIaV43e5ewg==/com.example.polyglot-agch31ojxYBKodOm7aigoA==/base.apk!/lib/arm64-v8a, /system/lib64, /system_ext/lib64]]
06-11 22:53:30.535 28446 28446 E AndroidRuntime: Process: com.example.polyglot, PID: 28446
06-11 22:53:30.535 28446 28446 E AndroidRuntime: java.lang.RuntimeException: Unable to instantiate application com.example.polyglot package com.example.polyglot: java.lang.ClassNotFoundException: Didn't find class "com.example.polyglot" on path: DexPathList[[zip file "/data/app/~~MlnGZF_X5SrMIaV43e5ewg==/com.example.polyglot-agch31ojxYBKodOm7aigoA==/base.apk"],nativeLibraryDirectories=[/data/app/~~MlnGZF_X5SrMIaV43e5ewg==/com.example.polyglot-agch31ojxYBKodOm7aigoA==/lib/arm64, /data/app/~~MlnGZF_X5SrMIaV43e5ewg==/com.example.polyglot-agch31ojxYBKodOm7aigoA==/base.apk!/lib/arm64-v8a, /system/lib64, /system_ext/lib64]]
06-11 22:53:30.535 28446 28446 E AndroidRuntime: Caused by: java.lang.ClassNotFoundException: Didn't find class "com.example.polyglot" on path: DexPathList[[zip file "/data/app/~~MlnGZF_X5SrMIaV43e5ewg==/com.example.polyglot-agch31ojxYBKodOm7aigoA==/base.apk"],nativeLibraryDirectories=[/data/app/~~MlnGZF_X5SrMIaV43e5ewg==/com.example.polyglot-agch31ojxYBKodOm7aigoA==/lib/arm64, /data/app/~~MlnGZF_X5SrMIaV43e5ewg==/com.example.polyglot-agch31ojxYBKodOm7aigoA==/base.apk!/lib/arm64-v8a, /system/lib64, /system_ext/lib64]]
06-11 22:54:13.405 28777 28777 E AndroidRuntime: Process: com.example.polyglot, PID: 28777
06-11 22:54:13.405 28777 28777 E AndroidRuntime: java.lang.RuntimeException: Unable to instantiate application com.example.polyglot package com.example.polyglot: java.lang.ClassNotFoundException: Didn't find class "com.example.polyglot" on path: DexPathList[[zip file "/data/app/~~MlnGZF_X5SrMIaV43e5ewg==/com.example.polyglot-agch31ojxYBKodOm7aigoA==/base.apk"],nativeLibraryDirectories=[/data/app/~~MlnGZF_X5SrMIaV43e5ewg==/com.example.polyglot-agch31ojxYBKodOm7aigoA==/lib/arm64, /data/app/~~MlnGZF_X5SrMIaV43e5ewg==/com.example.polyglot-agch31ojxYBKodOm7aigoA==/base.apk!/lib/arm64-v8a, /system/lib64, /system_ext/lib64]]
06-11 22:54:13.405 28777 28777 E AndroidRuntime: Caused by: java.lang.ClassNotFoundException: Didn't find class "com.example.polyglot" on path: DexPathList[[zip file "/data/app/~~MlnGZF_X5SrMIaV43e5ewg==/com.example.polyglot-agch31ojxYBKodOm7aigoA==/base.apk"],nativeLibraryDirectories=[/data/app/~~MlnGZF_X5SrMIaV43e5ewg==/com.example.polyglot-agch31ojxYBKodOm7aigoA==/lib/arm64, /data/app/~~MlnGZF_X5SrMIaV43e5ewg==/com.example.polyglot-agch31ojxYBKodOm7aigoA==/base.apk!/lib/arm64-v8a, /system/lib64, /system_ext/lib64]]
06-11 22:54:14.606 28827 28827 E AndroidRuntime: Process: com.example.polyglot, PID: 28827
06-11 22:54:14.606 28827 28827 E AndroidRuntime: java.lang.RuntimeException: Unable to instantiate application com.example.polyglot package com.example.polyglot: java.lang.ClassNotFoundException: Didn't find class "com.example.polyglot" on path: DexPathList[[zip file "/data/app/~~MlnGZF_X5SrMIaV43e5ewg==/com.example.polyglot-agch31ojxYBKodOm7aigoA==/base.apk"],nativeLibraryDirectories=[/data/app/~~MlnGZF_X5SrMIaV43e5ewg==/com.example.polyglot-agch31ojxYBKodOm7aigoA==/lib/arm64, /data/app/~~MlnGZF_X5SrMIaV43e5ewg==/com.example.polyglot-agch31ojxYBKodOm7aigoA==/base.apk!/lib/arm64-v8a, /system/lib64, /system_ext/lib64]]
06-11 22:54:14.606 28827 28827 E AndroidRuntime: Caused by: java.lang.ClassNotFoundException: Didn't find class "com.example.polyglot" on path: DexPathList[[zip file "/data/app/~~MlnGZF_X5SrMIaV43e5ewg==/com.example.polyglot-agch31ojxYBKodOm7aigoA==/base.apk"],nativeLibraryDirectories=[/data/app/~~MlnGZF_X5SrMIaV43e5ewg==/com.example.polyglot-agch31ojxYBKodOm7aigoA==/lib/arm64, /data/app/~~MlnGZF_X5SrMIaV43e5ewg==/com.example.polyglot-agch31ojxYBKodOm7aigoA==/base.apk!/lib/arm64-v8a, /system/lib64, /system_ext/lib64]]
06-13 10:02:51.246  1708  1778 D PackageManager: installStage com.example.polyglot, dir=/data/app/vmdl211700418.tmp, installerPackageName=com.alif.ide, installerUid=10058, full=false
06-13 10:02:51.252  1708  1778 D PackageManager: installStage com.example.polyglot0
06-13 10:02:51.290  1708  1741 I ActivityManager: Force stopping com.example.polyglot appid=10903 user=-1: installPackageLI
06-13 10:02:51.293  1708  1778 I PackageManager: Update package com.example.polyglot code path from /data/app/~~YXE_wpl8dkjtpfbJuN3PWQ==/com.example.polyglot-6lDRyXTIaDHruZ0UoL0cYA== to /data/app/~~oP6b3QSUQ5DdkVqT-E-eKA==/com.example.polyglot-7BazmgeyuJWVgtjAJWzv6w==; Retain data and using new
06-13 10:02:51.453  2796  3004 D iopgp   : OnPackageChangeEvent:Received PackageChangeEvent{packageName=com.example.polyglot,version=1,lastUpdateTimeMillis=1781325171294}
06-13 10:02:51.453  2796  3004 D iopgp   : Same version package com.example.polyglot with version 1
06-13 10:02:51.453  2796  3004 D iopgp   : Clean up files for package com.example.polyglot with version 1
06-13 10:02:51.453  2796  3004 D iopgp   : Clean up files for activity com.example.polyglot.MainActivity
06-13 10:02:51.512  1708  1778 D UserUninstallRecorder: not care com.example.polyglot installed.
06-13 10:02:51.569  1708 28277 D OplusOsPackageManager: uploadInstallAppInfos:{code=1, abi1=arm64-v8a, abi2=null, update=1, cert=C0DCF7E786;, targetSdkVersion=34, source=com.alif.ide, app_pkg=com.example.polyglot, version=1.0, md5=a7f78dee352b01432d1fbf8b55cccaf0},path=/data/app/~~oP6b3QSUQ5DdkVqT-E-eKA==/com.example.polyglot-7BazmgeyuJWVgtjAJWzv6w==/base.apk,installerPackageName:com.alif.ide
06-13 10:02:51.569  1708  1778 I ActivityManager: Force stopping com.example.polyglot appid=10903 user=0: pkg removed
06-13 10:02:51.590  1708  1708 D OplusCustomizeService: UninstallBroadcastReceiver, pkgName=com.example.polyglot, isReInstall=true
06-13 10:02:51.591  1708  1737 V AutofillManagerService: onPackageUpdateStarted(): com.example.polyglot
06-13 10:02:52.676  1708  1747 W BroadcastQueue: Background execution not allowed: receiving Intent { act=android.intent.action.PACKAGE_REMOVED dat=package:com.example.polyglot flg=0x4000010 (has extras) } to com.android.vending/com.google.android.finsky.packagemonitor.impl.PackageMonitorReceiverImpl$RegisteredReceiver
06-13 10:02:52.676  1708  1747 W BroadcastQueue: Background execution not allowed: receiving Intent { act=android.intent.action.PACKAGE_REMOVED dat=package:com.example.polyglot flg=0x4000010 (has extras) } to com.android.vending/com.google.android.finsky.packagemonitor.backgroundimpl.BackgroundPackageMonitorReceiverImpl$RegisteredReceiver
06-13 10:02:52.676  1708  1747 W BroadcastQueue: Background execution not allowed: receiving Intent { act=android.intent.action.PACKAGE_REMOVED dat=package:com.example.polyglot flg=0x4000010 (has extras) } to com.google.android.gms/.chimera.GmsIntentOperationService$PersistentTrustedReceiver
06-13 10:02:52.676  1708  1747 W BroadcastQueue: Background execution not allowed: receiving Intent { act=android.intent.action.PACKAGE_REMOVED dat=package:com.example.polyglot flg=0x4000010 (has extras) } to com.offsec.nethunter.store/org.fdroid.fdroid.receiver.PackageManagerReceiver
06-13 10:02:52.687  1708  1778 I ActivityManager: Force stopping com.example.polyglot appid=10903 user=0: pkg removed
06-13 10:02:52.738  1708  1708 D OplusSecurityPermissionManager: AppUninstallReceiver: uid=10903, userId=0, package=com.example.polyglot
06-13 10:02:52.812  1708  1725 D CompanionDeviceManagerService: onPackageModified(packageName = com.example.polyglot)
06-13 10:02:52.816  1708  1708 D OplusCustomizeService: pkgName = com.example.polyglot
06-13 10:02:52.816  1708  1708 D OplusCustomizeService: Add packages name is :com.example.polyglot;dir:/data/app/~~oP6b3QSUQ5DdkVqT-E-eKA==/com.example.polyglot-7BazmgeyuJWVgtjAJWzv6w==/base.apk
06-13 10:02:52.910  1708  1799 W ActivityManager: Unable to start service Intent { act=android.intent.action.VIEW dat=oaps://mk/rc?action_type=replaced&installPkg=com.example.polyglot&channelPkg=com.alif.ide&from=mcs pkg=com.heytap.market (has extras) } U=0: not found
06-13 10:02:52.973  1708  1747 W BroadcastQueue: Background execution not allowed: receiving Intent { act=android.intent.action.PACKAGE_ADDED dat=package:com.example.polyglot flg=0x4000010 (has extras) } to com.google.android.packageinstaller/com.android.packageinstaller.PackageInstalledReceiver
06-13 10:02:52.997  1708  1768 E VerityUtils: Failed to measure fs-verity, errno 1: /data/app/~~oP6b3QSUQ5DdkVqT-E-eKA==/com.example.polyglot-7BazmgeyuJWVgtjAJWzv6w==/base.apk
06-13 10:02:53.002  1708  1747 W BroadcastQueue: Background execution not allowed: receiving Intent { act=android.intent.action.PACKAGE_ADDED dat=package:com.example.polyglot flg=0x4000010 (has extras) } to com.android.vending/com.google.android.finsky.packagemonitor.impl.PackageMonitorReceiverImpl$RegisteredReceiver
06-13 10:02:53.003  1708  1747 W BroadcastQueue: Background execution not allowed: receiving Intent { act=android.intent.action.PACKAGE_ADDED dat=package:com.example.polyglot flg=0x4000010 (has extras) } to com.android.vending/com.google.android.finsky.packagemonitor.backgroundimpl.BackgroundPackageMonitorReceiverImpl$RegisteredReceiver
06-13 10:02:53.003  1708  1747 W BroadcastQueue: Background execution not allowed: receiving Intent { act=android.intent.action.PACKAGE_ADDED dat=package:com.example.polyglot flg=0x4000010 (has extras) } to com.google.android.apps.nbu.files/.documentbrowser.browselanding.rootcontainerlist.receiver.PackageChangeReceiver_Receiver
06-13 10:02:53.044  1708  1747 W BroadcastQueue: Background execution not allowed: receiving Intent { act=android.intent.action.PACKAGE_ADDED dat=package:com.example.polyglot flg=0x4000010 (has extras) } to com.google.android.ext.services/com.android.adservices.service.common.PackageChangedReceiver
06-13 10:02:53.045  1708  1747 W BroadcastQueue: Background execution not allowed: receiving Intent { act=android.intent.action.PACKAGE_ADDED dat=package:com.example.polyglot flg=0x4000010 (has extras) } to com.google.android.gms/.gass.chimera.PackageChangeBroadcastReceiver
06-13 10:02:53.045  1708  1747 W BroadcastQueue: Background execution not allowed: receiving Intent { act=android.intent.action.PACKAGE_ADDED dat=package:com.example.polyglot flg=0x4000010 (has extras) } to com.google.android.gms/.chimera.GmsIntentOperationService$PersistentTrustedReceiver
06-13 10:02:53.142  1708  1747 W BroadcastQueue: Background execution not allowed: receiving Intent { act=android.intent.action.PACKAGE_ADDED dat=package:com.example.polyglot flg=0x4000010 (has extras) } to com.facebook.katana/com.facebook.feed.platformads.AppInstallReceiver
06-13 10:02:53.182  1708  1747 W BroadcastQueue: Background execution not allowed: receiving Intent { act=android.intent.action.PACKAGE_ADDED dat=package:com.example.polyglot flg=0x4000010 (has extras) } to com.offsec.nethunter.store/org.fdroid.fdroid.receiver.PackageManagerReceiver
06-13 10:02:53.266  1708  1737 V AutofillManagerService: onPackageUpdateFinished(): com.example.polyglot
06-13 10:02:53.266  1708  1737 V AutofillManagerService: onPackageModified(): com.example.polyglot
06-13 10:02:53.277  1708  3829 I ActivityTaskManager: START u0 {act=android.intent.action.MAIN cat=[android.intent.category.LAUNCHER] flg=0x10000000 pkg=com.example.polyglot cmp=com.example.polyglot/.MainActivity mCallingUid=10058} from uid 10058
06-13 10:02:53.291  1708  3829 I OplusScreenSecurityMask: onStackAdded task = Task{d850f00 #596 type=standard A=10903:com.example.polyglot U=0 visible=false mode=fullscreen translucent=true sz=0} record = null displayId = 0
06-13 10:02:53.294  1708  3829 E WindowManager: makeSurface ActivityRecord{6399339 u0 com.example.polyglot/.MainActivity t596} windowType 2
06-13 10:02:53.295  1708  3829 D TaskExtImpl: add ActivityRecord{6399339 u0 com.example.polyglot/.MainActivity t596} to mActivityRecordSum = Counter{ com.example.polyglot/.MainActivity(1) }
06-13 10:02:53.297  1708  3829 D ActivityTaskManager: getStartingWindowType: newTask=true, taskSwitch=true, processRunning=false, allowTaskSnapshot=true, activityCreated=false, snapshot=null, record:ActivityRecord{6399339 u0 com.example.polyglot/.MainActivity t596}
06-13 10:02:53.299  1708  3829 D OplusZoomWindowRUSConfigManager: isSupportZoomModeWithPolicyLocked: target = com.example.polyglot/.MainActivity
06-13 10:02:53.299  1708  3829 D OplusZoomWindowRUSConfigManager: targetPkg = com.example.polyglot
06-13 10:02:53.306  1708  1768 E VerityUtils: Failed to measure fs-verity, errno 1: /data/app/~~oP6b3QSUQ5DdkVqT-E-eKA==/com.example.polyglot-7BazmgeyuJWVgtjAJWzv6w==/base.apk
06-13 10:02:53.400  1708  1729 I WindowStateExtImpl: onSurfaceShowChange show = true mPackageName = com.example.polyglot parentPkgName = com.example.polyglot
06-13 10:02:53.407  1708  1728 D SBE-LaunchIdentify: SBE boost:com.example.polyglot begin
06-13 10:02:53.489  1708  1747 W BroadcastQueue: Background execution not allowed: receiving Intent { act=android.intent.action.PACKAGE_REPLACED dat=package:com.example.polyglot flg=0x4000010 (has extras) } to com.google.android.apps.nbu.files/.documentbrowser.browselanding.rootcontainerlist.receiver.PackageChangeReceiver_Receiver
06-13 10:02:53.489  1708  1747 W BroadcastQueue: Background execution not allowed: receiving Intent { act=android.intent.action.PACKAGE_REPLACED dat=package:com.example.polyglot flg=0x4000010 (has extras) } to com.google.android.gms/.gass.chimera.PackageChangeBroadcastReceiver
06-13 10:02:53.490  1708  1747 W BroadcastQueue: Background execution not allowed: receiving Intent { act=android.intent.action.PACKAGE_REPLACED dat=package:com.example.polyglot flg=0x4000010 (has extras) } to com.google.android.gms/.chimera.GmsIntentOperationService$PersistentTrustedReceiver
06-13 10:02:53.490  1708  1747 W BroadcastQueue: Background execution not allowed: receiving Intent { act=android.intent.action.PACKAGE_REPLACED dat=package:com.example.polyglot flg=0x4000010 (has extras) } to com.oplus.securitypermission/com.oplusos.securitypermission.permission.PermissionReceiver
06-13 10:02:53.490  1708  1747 W BroadcastQueue: Background execution not allowed: receiving Intent { act=android.intent.action.PACKAGE_REPLACED dat=package:com.example.polyglot flg=0x4000010 (has extras) } to com.fsn.nykaa/.analytics.UpgradeBroadcastReceiver
06-13 10:02:53.494  1708  1742 I ActivityManager: Start proc 28609:com.example.polyglot/u0a903 for pre-top-activity {com.example.polyglot/com.example.polyglot.MainActivity}
06-13 10:02:53.555  1708  2805 I OplusAppSwitchManagerService: appswitch hasProcess ActivityRecord{6399339 u0 com.example.polyglot/.MainActivity t596}
06-13 10:02:53.556  1708  2805 I OplusAppSwitchManagerService: appswitch hasProcess ActivityRecord{6399339 u0 com.example.polyglot/.MainActivity t596}
06-13 10:02:53.560  1708  1749 E OplusThermalStats: Error getting package info: com.example.polyglot
06-13 10:02:53.605  1708  1728 D BatteryStatsImplExtImpl: resumedUid:10903 resumedBatteryLevel:85  resumedPackage:com.example.polyglot  resumedBatteryRealtimeCapacity:2489
06-13 10:02:53.606 28609 28609 W ActivityThread: Application com.example.polyglot can be debugged on port 8100...
06-13 10:02:53.620  1708  2842 D OplusEapManager: mTargetEnterName :com.example.polyglot
06-13 10:02:53.620  1708  2842 D VRR [OPlusFrontAppManager]: OnAppSwitchObserver: onAppEnter , info.targetName = com.example.polyglot
06-13 10:02:53.622  1708  1767 D VRR [OPlusRefreshRateService]: handleFrontAppChange pkgName: com.example.polyglot
06-13 10:02:53.622  1708  1767 D VRR [OPlusExternalRefreshRateManager]: setFrontPackageName pkgName: com.example.polyglot CurPkgName: null
06-13 10:02:53.624 28609 28609 I Quality : LaunchTime2.0: com.example.polyglot createOrUpdateClassLoaderLocked took time: 15
06-13 10:02:53.652 28609 28609 I Quality : BindApplication: com.example.polyglot
06-13 10:02:53.798  1708  1729 V OplusZoomWindowManagerService: onAnimationFinished:  r = ActivityRecord{6399339 u0 com.example.polyglot/.MainActivity t596}
06-13 10:02:53.798  1708  1729 I OplusAppSwitchManagerService:  handleAppVisible , r = ActivityRecord{6399339 u0 com.example.polyglot/.MainActivity t596}
06-13 10:02:53.836 28609 28609 E AndroidRuntime: Process: com.example.polyglot, PID: 28609
06-13 10:02:53.836 28609 28609 E AndroidRuntime: java.lang.UnsatisfiedLinkError: dlopen failed: cannot locate symbol "get_low_level_c_string" referenced by "/data/app/~~oP6b3QSUQ5DdkVqT-E-eKA==/com.example.polyglot-7BazmgeyuJWVgtjAJWzv6w==/lib/arm64/libnative.so"...
06-13 10:02:53.836 28609 28609 E AndroidRuntime: 	at com.example.polyglot.JavaBridge.<clinit>(JavaBridge.java:6)
06-13 10:02:53.836 28609 28609 E AndroidRuntime: 	at com.example.polyglot.MainActivity.onCreate(MainActivity.kt:13)
06-13 10:02:53.852  1708  4070 W ActivityTaskManager:   Force finishing activity com.example.polyglot/.MainActivity
06-13 10:02:53.854  1708  4070 V OplusZoomWindowManagerService: prepareZoomTransition: curStack=Task{d850f00 #596 type=standard A=10903:com.example.polyglot U=0 visible=false mode=fullscreen translucent=true sz=1}   nextStackTask{5bb23c9 #595 type=standard A=10816:com.alif.ide U=0 visible=true mode=fullscreen translucent=true sz=3}
06-13 10:02:53.861  1708  1728 I Quality : LaunchTime2.0: com.example.polyglot/.MainActivity 1 557
06-13 10:02:53.898  1708  4070 D TheiaCrashMonitor: com.example.polyglotcrash
06-13 10:02:53.898  1708  4070 I ActivityManager: Process com.example.polyglot (pid 28609) has died: fg  TOP 
06-13 10:02:53.917  1708  4070 V OplusZoomWindowManagerService: onAnimationFinished:  r = ActivityRecord{6399339 u0 com.example.polyglot/.MainActivity t596 f}}
06-13 10:02:53.917  1708  4070 I WindowStateExtImpl: onSurfaceShowChange show = false mPackageName = com.example.polyglot parentPkgName = com.example.polyglot
06-13 10:02:53.918  1708  4070 D WindowManager: setParent old=ActivityRecord{6399339 u0 com.example.polyglot/.MainActivity t596 f}},new=null,this window=Window{6741cbf u0 Splash Screen com.example.polyglot},callers=com.android.server.wm.WindowContainer.removeChild:634 com.android.server.wm.ActivityRecord.removeChild:4080 com.android.server.wm.ActivityRecord.removeChild:389 com.android.server.wm.WindowContainer.removeImmediately:686 com.android.server.wm.WindowState.removeImmediately:2518 com.android.server.wm.WindowState.destroySurface:3711 
06-13 10:02:53.919  1708  4070 D OplusStartingWindowManager: interceptRemoveStartingWindow activity.packageName=com.example.polyglot isSnapshot=false mStartingSurfaceRunnable=null
06-13 10:02:53.923  1708  4070 D WindowManager: setParent old=Task{d850f00 #596 type=standard A=10903:com.example.polyglot U=0 visible=false mode=fullscreen translucent=true sz=0},new=null,this window=ActivityRecord{6399339 u0 com.example.polyglot/.MainActivity t596 f}},callers=com.android.server.wm.WindowContainer.removeChild:634 com.android.server.wm.Task.removeChild:1857 com.android.server.wm.Task.removeChild:1836 com.android.server.wm.WindowContainer.removeImmediately:686 com.android.server.wm.WindowToken.removeImmediately:376 com.android.server.wm.ActivityRecord.removeImmediately:3884 
06-13 10:02:53.925  1708  4070 I OplusScreenSecurityMask: onStackRemoved task = Task{d850f00 #596 type=standard A=10903:com.example.polyglot U=0 visible=false mode=fullscreen translucent=true sz=0} record = null displayId = 0
06-13 10:02:53.926  1708  4070 D WindowManager: setParent old=DefaultTaskDisplayArea@198163687,new=null,this window=Task{d850f00 #596 type=standard A=10903:com.example.polyglot U=0 visible=true mode=fullscreen translucent=true sz=0},callers=com.android.server.wm.WindowContainer.removeChild:634 com.android.server.wm.TaskDisplayArea.removeChildTask:427 com.android.server.wm.TaskDisplayArea.removeChild:414 com.android.server.wm.WindowContainer.removeImmediately:686 com.android.server.wm.Task.removeImmediately:3369 com.android.server.wm.Task.removeIfPossible:1049 
06-13 10:02:53.926  1708  4070 D TaskExtImpl: remove ActivityRecord{6399339 u0 com.example.polyglot/.MainActivity t-1 f}} to mActivityRecordSum = Counter{ }
06-13 10:02:53.990  1708  4070 D OplusAppListInterceptManager: shouldFilterTask::packageName = com.example.polyglot
06-13 10:02:53.993  1708  4070 D OplusAppListInterceptManager: shouldFilterTask::packageName = com.example.polyglot
06-13 10:02:54.354  1708  1728 W ActivityTaskManager: Activity top resumed state loss timeout for ActivityRecord{6399339 u0 com.example.polyglot/.MainActivity t-1 f}}
06-13 10:02:54.355  1708  2842 D OplusEapManager: mTargetExitName :com.example.polyglot
06-13 10:02:54.355  1708  2842 D VRR [OPlusFrontAppManager]: OnAppSwitchObserver: onAppExit , info.targetName = com.example.polyglot
06-13 10:02:54.355  1708  1767 D VRR [OPlusExternalRefreshRateManager]: setFrontPackageName pkgName: null CurPkgName: com.example.polyglot
06-13 10:02:54.370  1708  3847 D VRR [OPlusRefreshRateService]:  setFrameRateTargetControl [ 0.0 , com.example.polyglot , false , com.oplus.battery ]
06-13 10:02:54.370  1708  3847 D VRR [OPlusExternalRefreshRateManager]:  [FRTC] FrameRate : 0 com.example.polyglot false com.oplus.battery
06-13 10:02:54.370  1708  1767 D VRR [OPlusSurfaceFlingerController]:  add frtc FrameRate : 0 com.example.polyglot false com.oplus.battery
06-13 10:02:54.767  1708  1798 D OplusAppListInterceptManager: shouldFilterTask::packageName = com.example.polyglot
06-13 10:04:42.810  1708  1778 D PackageManager: installStage com.example.polyglot, dir=/data/app/vmdl1666157772.tmp, installerPackageName=com.alif.ide, installerUid=10058, full=false
06-13 10:04:42.814  1708  1778 D PackageManager: installStage com.example.polyglot0
06-13 10:04:42.851  1708  1741 I ActivityManager: Force stopping com.example.polyglot appid=10903 user=-1: installPackageLI
06-13 10:04:42.853  1708  1778 I PackageManager: Update package com.example.polyglot code path from /data/app/~~oP6b3QSUQ5DdkVqT-E-eKA==/com.example.polyglot-7BazmgeyuJWVgtjAJWzv6w== to /data/app/~~Bw0cVFAgtxtlCcADCWJDNA==/com.example.polyglot-RsNIllhuhZUYHd-tzYrEnw==; Retain data and using new
06-13 10:04:43.055  2796  3004 D iopgp   : OnPackageChangeEvent:Received PackageChangeEvent{packageName=com.example.polyglot,version=1,lastUpdateTimeMillis=1781325282854}
06-13 10:04:43.055  2796  3004 D iopgp   : Same version package com.example.polyglot with version 1
06-13 10:04:43.055  2796  3004 D iopgp   : Clean up files for package com.example.polyglot with version 1
06-13 10:04:43.055  2796  3004 D iopgp   : Clean up files for activity com.example.polyglot.MainActivity
06-13 10:04:43.176  1708  1778 D UserUninstallRecorder: not care com.example.polyglot installed.
06-13 10:04:43.229  1708 29889 D OplusOsPackageManager: uploadInstallAppInfos:{code=1, abi1=arm64-v8a, abi2=null, update=1, cert=C0DCF7E786;, targetSdkVersion=34, source=com.alif.ide, app_pkg=com.example.polyglot, version=1.0, md5=ecea119eb01c3cd3c93aa07d2779cf65},path=/data/app/~~Bw0cVFAgtxtlCcADCWJDNA==/com.example.polyglot-RsNIllhuhZUYHd-tzYrEnw==/base.apk,installerPackageName:com.alif.ide
06-13 10:04:43.231  1708  1778 I ActivityManager: Force stopping com.example.polyglot appid=10903 user=0: pkg removed
06-13 10:04:45.224  1708  1737 V AutofillManagerService: onPackageUpdateStarted(): com.example.polyglot
06-13 10:04:45.241  1708  1708 D OplusCustomizeService: UninstallBroadcastReceiver, pkgName=com.example.polyglot, isReInstall=true
06-13 10:04:45.251  1708  1747 W BroadcastQueue: Background execution not allowed: receiving Intent { act=android.intent.action.PACKAGE_REMOVED dat=package:com.example.polyglot flg=0x4000010 (has extras) } to com.android.vending/com.google.android.finsky.packagemonitor.impl.PackageMonitorReceiverImpl$RegisteredReceiver
06-13 10:04:45.251  1708  1747 W BroadcastQueue: Background execution not allowed: receiving Intent { act=android.intent.action.PACKAGE_REMOVED dat=package:com.example.polyglot flg=0x4000010 (has extras) } to com.android.vending/com.google.android.finsky.packagemonitor.backgroundimpl.BackgroundPackageMonitorReceiverImpl$RegisteredReceiver
06-13 10:04:45.251  1708  1747 W BroadcastQueue: Background execution not allowed: receiving Intent { act=android.intent.action.PACKAGE_REMOVED dat=package:com.example.polyglot flg=0x4000010 (has extras) } to com.google.android.gms/.chimera.GmsIntentOperationService$PersistentTrustedReceiver
06-13 10:04:45.252  1708  1747 W BroadcastQueue: Background execution not allowed: receiving Intent { act=android.intent.action.PACKAGE_REMOVED dat=package:com.example.polyglot flg=0x4000010 (has extras) } to com.offsec.nethunter.store/org.fdroid.fdroid.receiver.PackageManagerReceiver
06-13 10:04:45.266  1708  1708 D OplusSecurityPermissionManager: AppUninstallReceiver: uid=10903, userId=0, package=com.example.polyglot
06-13 10:04:45.285  1708  1778 I ActivityManager: Force stopping com.example.polyglot appid=10903 user=0: pkg removed
06-13 10:04:45.340  1708  1708 D OplusCustomizeService: pkgName = com.example.polyglot
06-13 10:04:45.341  1708  1708 D OplusCustomizeService: Add packages name is :com.example.polyglot;dir:/data/app/~~Bw0cVFAgtxtlCcADCWJDNA==/com.example.polyglot-RsNIllhuhZUYHd-tzYrEnw==/base.apk
06-13 10:04:45.359  1708  1725 D CompanionDeviceManagerService: onPackageModified(packageName = com.example.polyglot)
06-13 10:04:45.363  1708  1798 W ActivityManager: Unable to start service Intent { act=android.intent.action.VIEW dat=oaps://mk/rc?action_type=replaced&installPkg=com.example.polyglot&channelPkg=com.alif.ide&from=mcs pkg=com.heytap.market (has extras) } U=0: not found
06-13 10:04:45.404  1708  1747 W BroadcastQueue: Background execution not allowed: receiving Intent { act=android.intent.action.PACKAGE_ADDED dat=package:com.example.polyglot flg=0x4000010 (has extras) } to com.google.android.packageinstaller/com.android.packageinstaller.PackageInstalledReceiver
06-13 10:04:45.412  1708  1747 W BroadcastQueue: Background execution not allowed: receiving Intent { act=android.intent.action.PACKAGE_ADDED dat=package:com.example.polyglot flg=0x4000010 (has extras) } to com.android.vending/com.google.android.finsky.packagemonitor.impl.PackageMonitorReceiverImpl$RegisteredReceiver
06-13 10:04:45.423  1708  1747 W BroadcastQueue: Background execution not allowed: receiving Intent { act=android.intent.action.PACKAGE_ADDED dat=package:com.example.polyglot flg=0x4000010 (has extras) } to com.android.vending/com.google.android.finsky.packagemonitor.backgroundimpl.BackgroundPackageMonitorReceiverImpl$RegisteredReceiver
06-13 10:04:45.425  1708  1747 W BroadcastQueue: Background execution not allowed: receiving Intent { act=android.intent.action.PACKAGE_ADDED dat=package:com.example.polyglot flg=0x4000010 (has extras) } to com.google.android.apps.nbu.files/.documentbrowser.browselanding.rootcontainerlist.receiver.PackageChangeReceiver_Receiver
06-13 10:04:45.425  1708  1747 W BroadcastQueue: Background execution not allowed: receiving Intent { act=android.intent.action.PACKAGE_ADDED dat=package:com.example.polyglot flg=0x4000010 (has extras) } to com.google.android.ext.services/com.android.adservices.service.common.PackageChangedReceiver
06-13 10:04:45.467  1708  1768 E VerityUtils: Failed to measure fs-verity, errno 1: /data/app/~~Bw0cVFAgtxtlCcADCWJDNA==/com.example.polyglot-RsNIllhuhZUYHd-tzYrEnw==/base.apk
06-13 10:04:45.504  1708  1747 W BroadcastQueue: Background execution not allowed: receiving Intent { act=android.intent.action.PACKAGE_ADDED dat=package:com.example.polyglot flg=0x4000010 (has extras) } to com.google.android.gms/.gass.chimera.PackageChangeBroadcastReceiver
06-13 10:04:45.618  1708  1747 W BroadcastQueue: Background execution not allowed: receiving Intent { act=android.intent.action.PACKAGE_ADDED dat=package:com.example.polyglot flg=0x4000010 (has extras) } to com.google.android.gms/.chimera.GmsIntentOperationService$PersistentTrustedReceiver
06-13 10:04:45.618  1708  1747 W BroadcastQueue: Background execution not allowed: receiving Intent { act=android.intent.action.PACKAGE_ADDED dat=package:com.example.polyglot flg=0x4000010 (has extras) } to com.facebook.katana/com.facebook.feed.platformads.AppInstallReceiver
06-13 10:04:45.670  1708  1747 W BroadcastQueue: Background execution not allowed: receiving Intent { act=android.intent.action.PACKAGE_ADDED dat=package:com.example.polyglot flg=0x4000010 (has extras) } to com.offsec.nethunter.store/org.fdroid.fdroid.receiver.PackageManagerReceiver
06-13 10:04:45.706  1708  1768 E VerityUtils: Failed to measure fs-verity, errno 1: /data/app/~~Bw0cVFAgtxtlCcADCWJDNA==/com.example.polyglot-RsNIllhuhZUYHd-tzYrEnw==/base.apk
06-13 10:04:45.752  1708  1747 W BroadcastQueue: Background execution not allowed: receiving Intent { act=android.intent.action.PACKAGE_REPLACED dat=package:com.example.polyglot flg=0x4000010 (has extras) } to com.google.android.apps.nbu.files/.documentbrowser.browselanding.rootcontainerlist.receiver.PackageChangeReceiver_Receiver
06-13 10:04:45.752  1708  1747 W BroadcastQueue: Background execution not allowed: receiving Intent { act=android.intent.action.PACKAGE_REPLACED dat=package:com.example.polyglot flg=0x4000010 (has extras) } to com.google.android.gms/.gass.chimera.PackageChangeBroadcastReceiver
06-13 10:04:45.752  1708  1747 W BroadcastQueue: Background execution not allowed: receiving Intent { act=android.intent.action.PACKAGE_REPLACED dat=package:com.example.polyglot flg=0x4000010 (has extras) } to com.google.android.gms/.chimera.GmsIntentOperationService$PersistentTrustedReceiver
06-13 10:04:45.752  1708  1747 W BroadcastQueue: Background execution not allowed: receiving Intent { act=android.intent.action.PACKAGE_REPLACED dat=package:com.example.polyglot flg=0x4000010 (has extras) } to com.oplus.securitypermission/com.oplusos.securitypermission.permission.PermissionReceiver
06-13 10:04:45.753  1708  1747 W BroadcastQueue: Background execution not allowed: receiving Intent { act=android.intent.action.PACKAGE_REPLACED dat=package:com.example.polyglot flg=0x4000010 (has extras) } to com.fsn.nykaa/.analytics.UpgradeBroadcastReceiver
06-13 10:04:45.787  1708  1737 V AutofillManagerService: onPackageUpdateFinished(): com.example.polyglot
06-13 10:04:45.787  1708  1737 V AutofillManagerService: onPackageModified(): com.example.polyglot
06-13 10:04:46.473  1708  1798 I ActivityTaskManager: START u0 {act=android.intent.action.MAIN cat=[android.intent.category.LAUNCHER] flg=0x10000000 pkg=com.example.polyglot cmp=com.example.polyglot/.MainActivity mCallingUid=10058} from uid 10058
06-13 10:04:46.483  1708  1798 I OplusScreenSecurityMask: onStackAdded task = Task{89683a5 #597 type=standard A=10903:com.example.polyglot U=0 visible=false mode=fullscreen translucent=true sz=0} record = null displayId = 0
06-13 10:04:46.485  1708  1798 E WindowManager: makeSurface ActivityRecord{ad0837a u0 com.example.polyglot/.MainActivity t597} windowType 2
06-13 10:04:46.487  1708  1798 D TaskExtImpl: add ActivityRecord{ad0837a u0 com.example.polyglot/.MainActivity t597} to mActivityRecordSum = Counter{ com.example.polyglot/.MainActivity(1) }
06-13 10:04:46.489  1708  1798 D ActivityTaskManager: getStartingWindowType: newTask=true, taskSwitch=true, processRunning=false, allowTaskSnapshot=true, activityCreated=false, snapshot=null, record:ActivityRecord{ad0837a u0 com.example.polyglot/.MainActivity t597}
06-13 10:04:46.491  1708  1798 D OplusZoomWindowRUSConfigManager: isSupportZoomModeWithPolicyLocked: target = com.example.polyglot/.MainActivity
06-13 10:04:46.491  1708  1798 D OplusZoomWindowRUSConfigManager: targetPkg = com.example.polyglot
06-13 10:04:46.511  1708  1728 D SBE-LaunchIdentify: SBE boost:com.example.polyglot begin
06-13 10:04:46.539  1708  1742 I ActivityManager: Start proc 30040:com.example.polyglot/u0a903 for pre-top-activity {com.example.polyglot/com.example.polyglot.MainActivity}
06-13 10:04:46.598  1708  1729 I WindowStateExtImpl: onSurfaceShowChange show = true mPackageName = com.example.polyglot parentPkgName = com.example.polyglot
06-13 10:04:46.604  1708  3829 D OplusAppListInterceptManager: shouldFilterTask::packageName = com.example.polyglot
06-13 10:04:46.609  1708  1807 I OplusAppSwitchManagerService: appswitch hasProcess ActivityRecord{ad0837a u0 com.example.polyglot/.MainActivity t597}
06-13 10:04:46.610  1708  1807 I OplusAppSwitchManagerService: appswitch hasProcess ActivityRecord{ad0837a u0 com.example.polyglot/.MainActivity t597}
06-13 10:04:46.616  1708  1749 E OplusThermalStats: Error getting package info: com.example.polyglot
06-13 10:04:46.620  1708  1728 D BatteryStatsImplExtImpl: resumedUid:10903 resumedBatteryLevel:85  resumedPackage:com.example.polyglot  resumedBatteryRealtimeCapacity:2474
06-13 10:04:46.632  1708  2842 D OplusEapManager: mTargetEnterName :com.example.polyglot
06-13 10:04:46.632  1708  2842 D VRR [OPlusFrontAppManager]: OnAppSwitchObserver: onAppEnter , info.targetName = com.example.polyglot
06-13 10:04:46.632  1708  1767 D VRR [OPlusRefreshRateService]: handleFrontAppChange pkgName: com.example.polyglot
06-13 10:04:46.632  1708  1767 D VRR [OPlusExternalRefreshRateManager]: setFrontPackageName pkgName: com.example.polyglot CurPkgName: null
06-13 10:04:46.633 30040 30040 W ActivityThread: Application com.example.polyglot can be debugged on port 8100...
06-13 10:04:46.649 30040 30040 I Quality : LaunchTime2.0: com.example.polyglot createOrUpdateClassLoaderLocked took time: 13
06-13 10:04:46.667 30040 30040 I Quality : BindApplication: com.example.polyglot
06-13 10:04:46.767 30040 30040 E AndroidRuntime: Process: com.example.polyglot, PID: 30040
06-13 10:04:46.767 30040 30040 E AndroidRuntime: java.lang.UnsatisfiedLinkError: dlopen failed: cannot locate symbol "get_low_level_c_string" referenced by "/data/app/~~Bw0cVFAgtxtlCcADCWJDNA==/com.example.polyglot-RsNIllhuhZUYHd-tzYrEnw==/lib/arm64/libnative.so"...
06-13 10:04:46.767 30040 30040 E AndroidRuntime: 	at com.example.polyglot.JavaBridge.<clinit>(JavaBridge.java:6)
06-13 10:04:46.767 30040 30040 E AndroidRuntime: 	at com.example.polyglot.MainActivity.onCreate(MainActivity.kt:13)
06-13 10:04:46.776  1708  3829 W ActivityTaskManager:   Force finishing activity com.example.polyglot/.MainActivity
06-13 10:04:46.778  1708  3829 V OplusZoomWindowManagerService: prepareZoomTransition: curStack=Task{89683a5 #597 type=standard A=10903:com.example.polyglot U=0 visible=false mode=fullscreen translucent=true sz=1}   nextStackTask{5bb23c9 #595 type=standard A=10816:com.alif.ide U=0 visible=true mode=fullscreen translucent=true sz=3}
06-13 10:04:46.784  1708  1728 I Quality : LaunchTime2.0: com.example.polyglot/.MainActivity 1 288
06-13 10:04:46.815  1708  4070 D TheiaCrashMonitor: com.example.polyglotcrash
06-13 10:04:46.815  1708  4070 I ActivityManager: Process com.example.polyglot (pid 30040) has died: fg  TOP 
06-13 10:04:46.825  1708  4070 D OplusStartingWindowManager: interceptRemoveStartingWindow activity.packageName=com.example.polyglot isSnapshot=false mStartingSurfaceRunnable=null
06-13 10:04:46.987  1708  1729 V OplusZoomWindowManagerService: onAnimationFinished:  r = ActivityRecord{ad0837a u0 com.example.polyglot/.MainActivity t597 f} isExiting}
06-13 10:04:46.987  1708  1729 I WindowStateExtImpl: onSurfaceShowChange show = false mPackageName = com.example.polyglot parentPkgName = com.example.polyglot
06-13 10:04:46.988  1708  1729 D WindowManager: setParent old=ActivityRecord{ad0837a u0 com.example.polyglot/.MainActivity t597 f} isExiting},new=null,this window=Window{ad807d2 u0 Splash Screen com.example.polyglot},callers=com.android.server.wm.WindowContainer.removeChild:634 com.android.server.wm.ActivityRecord.removeChild:4080 com.android.server.wm.ActivityRecord.removeChild:389 com.android.server.wm.WindowContainer.removeImmediately:686 com.android.server.wm.WindowState.removeImmediately:2518 com.android.server.wm.WindowState.destroySurface:3711 
06-13 10:04:47.004  1708  1729 D WindowManager: setParent old=Task{89683a5 #597 type=standard A=10903:com.example.polyglot U=0 visible=false mode=fullscreen translucent=true sz=0},new=null,this window=ActivityRecord{ad0837a u0 com.example.polyglot/.MainActivity t597 f}},callers=com.android.server.wm.WindowContainer.removeChild:634 com.android.server.wm.Task.removeChild:1857 com.android.server.wm.Task.removeChild:1836 com.android.server.wm.WindowContainer.removeImmediately:686 com.android.server.wm.WindowToken.removeImmediately:376 com.android.server.wm.ActivityRecord.removeImmediately:3884 
06-13 10:04:47.007  1708  1729 I OplusScreenSecurityMask: onStackRemoved task = Task{89683a5 #597 type=standard A=10903:com.example.polyglot U=0 visible=false mode=fullscreen translucent=true sz=0} record = null displayId = 0
06-13 10:04:47.007  1708  1729 D WindowManager: setParent old=DefaultTaskDisplayArea@198163687,new=null,this window=Task{89683a5 #597 type=standard A=10903:com.example.polyglot U=0 visible=false mode=fullscreen translucent=true sz=0},callers=com.android.server.wm.WindowContainer.removeChild:634 com.android.server.wm.TaskDisplayArea.removeChildTask:427 com.android.server.wm.TaskDisplayArea.removeChild:414 com.android.server.wm.WindowContainer.removeImmediately:686 com.android.server.wm.Task.removeImmediately:3369 com.android.server.wm.Task.removeIfPossible:1049 
06-13 10:04:47.008  1708  1729 D TaskExtImpl: remove ActivityRecord{ad0837a u0 com.example.polyglot/.MainActivity t-1 f}} to mActivityRecordSum = Counter{ }
06-13 10:04:47.014  1708  4070 D OplusAppListInterceptManager: shouldFilterTask::packageName = com.example.polyglot
06-13 10:04:47.016  1708  4070 D OplusAppListInterceptManager: shouldFilterTask::packageName = com.example.polyglot
06-13 10:04:47.278  1708  1728 W ActivityTaskManager: Activity top resumed state loss timeout for ActivityRecord{ad0837a u0 com.example.polyglot/.MainActivity t-1 f}}
06-13 10:04:47.279  1708  2842 D OplusEapManager: mTargetExitName :com.example.polyglot
06-13 10:04:47.280  1708  2842 D VRR [OPlusFrontAppManager]: OnAppSwitchObserver: onAppExit , info.targetName = com.example.polyglot
06-13 10:04:47.280  1708  1767 D VRR [OPlusExternalRefreshRateManager]: setFrontPackageName pkgName: null CurPkgName: com.example.polyglot
06-13 10:04:47.281  1708  4070 D VRR [OPlusRefreshRateService]:  setFrameRateTargetControl [ 0.0 , com.example.polyglot , false , com.oplus.battery ]
06-13 10:04:47.282  1708  4070 D VRR [OPlusExternalRefreshRateManager]:  [FRTC] FrameRate : 0 com.example.polyglot false com.oplus.battery
06-13 10:04:47.284  1708  1767 D VRR [OPlusSurfaceFlingerController]:  add frtc FrameRate : 0 com.example.polyglot false com.oplus.battery
06-13 10:05:06.861  1708  2795 D OplusAppListInterceptManager: shouldFilterTask::packageName = com.example.polyglot
06-13 10:05:08.098  1708  1721 D OplusAppListInterceptManager: shouldFilterTask::packageName = com.example.polyglot
06-13 10:05:46.918  1708  1721 I ActivityTaskManager: START u0 {act=android.intent.action.MAIN cat=[android.intent.category.LAUNCHER] flg=0x10200000 cmp=com.example.polyglot/.MainActivity bnds=[540,1384][792,1699] mCallingUid=10067} from uid 10067
06-13 10:05:46.926  1708  1721 I OplusScreenSecurityMask: onStackAdded task = Task{b331035 #598 type=standard A=10903:com.example.polyglot U=0 visible=false mode=fullscreen translucent=true sz=0} record = null displayId = 0
06-13 10:05:46.928  1708  1721 E WindowManager: makeSurface ActivityRecord{1ac3cca u0 com.example.polyglot/.MainActivity t598} windowType 2
06-13 10:05:46.930  1708  1721 D TaskExtImpl: add ActivityRecord{1ac3cca u0 com.example.polyglot/.MainActivity t598} to mActivityRecordSum = Counter{ com.example.polyglot/.MainActivity(1) }
06-13 10:05:46.934  1708  1721 D ActivityTaskManager: getStartingWindowType: newTask=true, taskSwitch=true, processRunning=false, allowTaskSnapshot=true, activityCreated=false, snapshot=null, record:ActivityRecord{1ac3cca u0 com.example.polyglot/.MainActivity t598}
06-13 10:05:46.935  1708  1721 V OplusZoomWindowManagerService: windowMode: 0 ,stack: Task{b331035 #598 type=standard A=10903:com.example.polyglot U=0 visible=true mode=fullscreen translucent=true sz=1}
06-13 10:05:46.948  1708  1728 D SBE-LaunchIdentify: SBE boost:com.example.polyglot begin
06-13 10:05:46.982  1708  1742 I ActivityManager: Start proc 30489:com.example.polyglot/u0a903 for pre-top-activity {com.example.polyglot/com.example.polyglot.MainActivity}
06-13 10:05:46.997  1708  1729 I WindowStateExtImpl: onSurfaceShowChange show = true mPackageName = com.example.polyglot parentPkgName = com.example.polyglot
06-13 10:05:47.056  1708  3947 I OplusAppSwitchManagerService: appswitch hasProcess ActivityRecord{1ac3cca u0 com.example.polyglot/.MainActivity t598}
06-13 10:05:47.056  1708  3947 I OplusAppSwitchManagerService: appswitch hasProcess ActivityRecord{1ac3cca u0 com.example.polyglot/.MainActivity t598}
06-13 10:05:47.060  1708  1749 E OplusThermalStats: Error getting package info: com.example.polyglot
06-13 10:05:47.065  1708  3947 D OplusAppListInterceptManager: shouldFilterTask::packageName = com.example.polyglot
06-13 10:05:47.067  1708  2842 D OplusEapManager: mTargetEnterName :com.example.polyglot
06-13 10:05:47.068  1708  2842 D VRR [OPlusFrontAppManager]: OnAppSwitchObserver: onAppEnter , info.targetName = com.example.polyglot
06-13 10:05:47.068  1708  1767 D VRR [OPlusRefreshRateService]: handleFrontAppChange pkgName: com.example.polyglot
06-13 10:05:47.068  1708  1767 D VRR [OPlusExternalRefreshRateManager]: setFrontPackageName pkgName: com.example.polyglot CurPkgName: null
06-13 10:05:47.068  1708  1728 D BatteryStatsImplExtImpl: resumedUid:10903 resumedBatteryLevel:85  resumedPackage:com.example.polyglot  resumedBatteryRealtimeCapacity:2467
06-13 10:05:47.082 30489 30489 W ActivityThread: Application com.example.polyglot can be debugged on port 8100...
06-13 10:05:47.096 30489 30489 I Quality : LaunchTime2.0: com.example.polyglot createOrUpdateClassLoaderLocked took time: 10
06-13 10:05:47.118 30489 30489 I Quality : BindApplication: com.example.polyglot
06-13 10:05:47.210 30489 30489 E AndroidRuntime: Process: com.example.polyglot, PID: 30489
06-13 10:05:47.210 30489 30489 E AndroidRuntime: java.lang.UnsatisfiedLinkError: dlopen failed: cannot locate symbol "get_low_level_c_string" referenced by "/data/app/~~Bw0cVFAgtxtlCcADCWJDNA==/com.example.polyglot-RsNIllhuhZUYHd-tzYrEnw==/lib/arm64/libnative.so"...
06-13 10:05:47.210 30489 30489 E AndroidRuntime: 	at com.example.polyglot.JavaBridge.<clinit>(JavaBridge.java:6)
06-13 10:05:47.210 30489 30489 E AndroidRuntime: 	at com.example.polyglot.MainActivity.onCreate(MainActivity.kt:13)
06-13 10:05:47.219  1708  3829 W ActivityTaskManager:   Force finishing activity com.example.polyglot/.MainActivity
06-13 10:05:47.222  1708  3829 V OplusZoomWindowManagerService: prepareZoomTransition: curStack=Task{b331035 #598 type=standard A=10903:com.example.polyglot U=0 visible=false mode=fullscreen translucent=true sz=1}   nextStackTask{3eb877a #1 type=home ?? U=0 visible=true mode=fullscreen translucent=true sz=1}
06-13 10:05:47.230  1708  1728 I Quality : LaunchTime2.0: com.example.polyglot/.MainActivity 1 290
06-13 10:05:47.272  1708  3947 D TheiaCrashMonitor: com.example.polyglotcrash
06-13 10:05:47.272  1708  3947 I ActivityManager: Process com.example.polyglot (pid 30489) has died: fg  TOP 
06-13 10:05:47.276  1708  3829 V OplusZoomWindowManagerService: onAnimationFinished:  r = ActivityRecord{1ac3cca u0 com.example.polyglot/.MainActivity t598 f}}
06-13 10:05:47.322  1708  3947 V OplusZoomWindowManagerService: onAnimationFinished:  r = ActivityRecord{1ac3cca u0 com.example.polyglot/.MainActivity t598 f}}
06-13 10:05:47.322  1708  3947 I WindowStateExtImpl: onSurfaceShowChange show = false mPackageName = com.example.polyglot parentPkgName = com.example.polyglot
06-13 10:05:47.323  1708  3947 D WindowManager: setParent old=ActivityRecord{1ac3cca u0 com.example.polyglot/.MainActivity t598 f}},new=null,this window=Window{dd7e317 u0 Splash Screen com.example.polyglot},callers=com.android.server.wm.WindowContainer.removeChild:634 com.android.server.wm.ActivityRecord.removeChild:4080 com.android.server.wm.ActivityRecord.removeChild:389 com.android.server.wm.WindowContainer.removeImmediately:686 com.android.server.wm.WindowState.removeImmediately:2518 com.android.server.wm.WindowState.destroySurface:3711 
06-13 10:05:47.324  1708  3947 D OplusStartingWindowManager: interceptRemoveStartingWindow activity.packageName=com.example.polyglot isSnapshot=false mStartingSurfaceRunnable=null
06-13 10:05:47.326  1708  3947 D WindowManager: setParent old=Task{b331035 #598 type=standard A=10903:com.example.polyglot U=0 visible=false mode=fullscreen translucent=true sz=0},new=null,this window=ActivityRecord{1ac3cca u0 com.example.polyglot/.MainActivity t598 f}},callers=com.android.server.wm.WindowContainer.removeChild:634 com.android.server.wm.Task.removeChild:1857 com.android.server.wm.Task.removeChild:1836 com.android.server.wm.WindowContainer.removeImmediately:686 com.android.server.wm.WindowToken.removeImmediately:376 com.android.server.wm.ActivityRecord.removeImmediately:3884 
06-13 10:05:47.328  1708  3947 I OplusScreenSecurityMask: onStackRemoved task = Task{b331035 #598 type=standard A=10903:com.example.polyglot U=0 visible=false mode=fullscreen translucent=true sz=0} record = null displayId = 0
06-13 10:05:47.328  1708  3947 D WindowManager: setParent old=DefaultTaskDisplayArea@198163687,new=null,this window=Task{b331035 #598 type=standard A=10903:com.example.polyglot U=0 visible=true mode=fullscreen translucent=true sz=0},callers=com.android.server.wm.WindowContainer.removeChild:634 com.android.server.wm.TaskDisplayArea.removeChildTask:427 com.android.server.wm.TaskDisplayArea.removeChild:414 com.android.server.wm.WindowContainer.removeImmediately:686 com.android.server.wm.Task.removeImmediately:3369 com.android.server.wm.Task.removeIfPossible:1049 
06-13 10:05:47.328  1708  3947 D TaskExtImpl: remove ActivityRecord{1ac3cca u0 com.example.polyglot/.MainActivity t-1 f}} to mActivityRecordSum = Counter{ }
06-13 10:05:47.401  1708  4021 D OplusAppListInterceptManager: shouldFilterTask::packageName = com.example.polyglot
06-13 10:05:47.413  1708  1721 D OplusAppListInterceptManager: shouldFilterTask::packageName = com.example.polyglot
06-13 10:05:47.722  1708  1728 W ActivityTaskManager: Activity top resumed state loss timeout for ActivityRecord{1ac3cca u0 com.example.polyglot/.MainActivity t-1 f}}
06-13 10:05:47.722  1708  2842 D OplusEapManager: mTargetExitName :com.example.polyglot
06-13 10:05:47.722  1708  2842 D VRR [OPlusFrontAppManager]: OnAppSwitchObserver: onAppExit , info.targetName = com.example.polyglot
06-13 10:05:47.723  1708  1767 D VRR [OPlusExternalRefreshRateManager]: setFrontPackageName pkgName: null CurPkgName: com.example.polyglot
06-13 10:05:47.725  1708  3947 D VRR [OPlusRefreshRateService]:  setFrameRateTargetControl [ 0.0 , com.example.polyglot , false , com.oplus.battery ]
06-13 10:05:47.725  1708  3947 D VRR [OPlusExternalRefreshRateManager]:  [FRTC] FrameRate : 0 com.example.polyglot false com.oplus.battery
06-13 10:05:47.725  1708  1767 D VRR [OPlusSurfaceFlingerController]:  add frtc FrameRate : 0 com.example.polyglot false com.oplus.battery
06-13 10:05:48.222  1708  3947 I ActivityTaskManager: START u0 {act=android.intent.action.MAIN cat=[android.intent.category.LAUNCHER] flg=0x10200000 cmp=com.example.polyglot/.MainActivity bnds=[546,1391][798,1706] mCallingUid=10067} from uid 10067
